Archive member included because of file (symbol)

/tmp/arduino/cores/54e0fbe7534a169f1b80445754ff33cf/core.a(HardwareSerial.cpp.o)
                              /tmp/arduino/sketches/BDAA1909B2769F757400EDF4F6E727D0/core/board.cpp.o (HardwareSerial::HardwareSerial(usart_dev*, unsigned char, unsigned char))
/tmp/arduino/cores/54e0fbe7534a169f1b80445754ff33cf/core.a(Print.cpp.o)
                              /tmp/arduino/cores/54e0fbe7534a169f1b80445754ff33cf/core.a(HardwareSerial.cpp.o) (Print::write(void const*, unsigned long))
/tmp/arduino/cores/54e0fbe7534a169f1b80445754ff33cf/core.a(cxxabi-compat.cpp.o)
                              /tmp/arduino/cores/54e0fbe7534a169f1b80445754ff33cf/core.a(HardwareSerial.cpp.o) (__cxa_pure_virtual)
/tmp/arduino/cores/54e0fbe7534a169f1b80445754ff33cf/core.a(adc.c.o)
                              /tmp/arduino/sketches/BDAA1909B2769F757400EDF4F6E727D0/core/wirish/boards.cpp.o (adc_set_sample_rate)
/tmp/arduino/cores/54e0fbe7534a169f1b80445754ff33cf/core.a(adc_f1.c.o)
                              (__irq_adc)
/tmp/arduino/cores/54e0fbe7534a169f1b80445754ff33cf/core.a(dma_f1.c.o)
                              (__irq_dma1_channel1)
/tmp/arduino/cores/54e0fbe7534a169f1b80445754ff33cf/core.a(exc.S.o)
                              (__exc_nmi)
/tmp/arduino/cores/54e0fbe7534a169f1b80445754ff33cf/core.a(exti.c.o)
                              (__irq_exti0)
/tmp/arduino/cores/54e0fbe7534a169f1b80445754ff33cf/core.a(exti_f1.c.o)
                              /tmp/arduino/cores/54e0fbe7534a169f1b80445754ff33cf/core.a(exti.c.o) (exti_select)
/tmp/arduino/cores/54e0fbe7534a169f1b80445754ff33cf/core.a(flash.c.o)
                              /tmp/arduino/sketches/BDAA1909B2769F757400EDF4F6E727D0/core/wirish/boards.cpp.o (flash_set_latency)
/tmp/arduino/cores/54e0fbe7534a169f1b80445754ff33cf/core.a(gpio_f1.c.o)
                              /tmp/arduino/sketches/BDAA1909B2769F757400EDF4F6E727D0/core/wirish/boards_setup.cpp.o (gpio_init_all)
/tmp/arduino/cores/54e0fbe7534a169f1b80445754ff33cf/core.a(i2c_f1.c.o)
                              (__irq_i2c1_ev)
/tmp/arduino/cores/54e0fbe7534a169f1b80445754ff33cf/core.a(nvic.c.o)
                              /tmp/arduino/cores/54e0fbe7534a169f1b80445754ff33cf/core.a(i2c_f1.c.o) (nvic_irq_set_priority)
/tmp/arduino/cores/54e0fbe7534a169f1b80445754ff33cf/core.a(rcc.c.o)
                              /tmp/arduino/sketches/BDAA1909B2769F757400EDF4F6E727D0/core/wirish/boards.cpp.o (rcc_switch_sysclk)
/tmp/arduino/cores/54e0fbe7534a169f1b80445754ff33cf/core.a(rcc_f1.c.o)
                              /tmp/arduino/sketches/BDAA1909B2769F757400EDF4F6E727D0/core/wirish/boards.cpp.o (rcc_configure_pll)
/tmp/arduino/cores/54e0fbe7534a169f1b80445754ff33cf/core.a(isrs.S.o)
                              (__stm32reservedexception7)
/tmp/arduino/cores/54e0fbe7534a169f1b80445754ff33cf/core.a(vector_table.S.o)
                              (__stm32_vector_table)
/tmp/arduino/cores/54e0fbe7534a169f1b80445754ff33cf/core.a(systick.c.o)
                              /tmp/arduino/sketches/BDAA1909B2769F757400EDF4F6E727D0/core/wirish/boards.cpp.o (systick_init)
/tmp/arduino/cores/54e0fbe7534a169f1b80445754ff33cf/core.a(timer.c.o)
                              /tmp/arduino/sketches/BDAA1909B2769F757400EDF4F6E727D0/core/wirish/boards.cpp.o (timer_foreach)
/tmp/arduino/cores/54e0fbe7534a169f1b80445754ff33cf/core.a(usart.c.o)
                              /tmp/arduino/cores/54e0fbe7534a169f1b80445754ff33cf/core.a(HardwareSerial.cpp.o) (usart_init)
/tmp/arduino/cores/54e0fbe7534a169f1b80445754ff33cf/core.a(usart_f1.c.o)
                              /tmp/arduino/cores/54e0fbe7534a169f1b80445754ff33cf/core.a(HardwareSerial.cpp.o) (usart_config_gpios_async)
/tmp/arduino/cores/54e0fbe7534a169f1b80445754ff33cf/core.a(usart_private.c.o)
                              /tmp/arduino/cores/54e0fbe7534a169f1b80445754ff33cf/core.a(usart_f1.c.o) (_usart_clock_freq)
/tmp/arduino/cores/54e0fbe7534a169f1b80445754ff33cf/core.a(usb.c.o)
                              (__irq_usb_lp_can_rx0)
/tmp/arduino/cores/54e0fbe7534a169f1b80445754ff33cf/core.a(usb_cdcacm.c.o)
                              /tmp/arduino/cores/54e0fbe7534a169f1b80445754ff33cf/core.a(usb.c.o) (User_Standard_Requests)
/tmp/arduino/cores/54e0fbe7534a169f1b80445754ff33cf/core.a(usb_reg_map.c.o)
                              /tmp/arduino/cores/54e0fbe7534a169f1b80445754ff33cf/core.a(usb_cdcacm.c.o) (usb_set_ep_rx_count)
/tmp/arduino/cores/54e0fbe7534a169f1b80445754ff33cf/core.a(usb_core.c.o)
                              /tmp/arduino/cores/54e0fbe7534a169f1b80445754ff33cf/core.a(usb_cdcacm.c.o) (Standard_GetDescriptorData)
/tmp/arduino/cores/54e0fbe7534a169f1b80445754ff33cf/core.a(usb_init.c.o)
                              /tmp/arduino/cores/54e0fbe7534a169f1b80445754ff33cf/core.a(usb.c.o) (pInformation)
/tmp/arduino/cores/54e0fbe7534a169f1b80445754ff33cf/core.a(usb_mem.c.o)
[...]
Memory Configuration

Name             Origin             Length             Attributes
ram              0x0000000020000000 0x0000000000005000 xrw
rom              0x0000000008000000 0x0000000000010000 xr
*default*        0x0000000000000000 0xffffffffffffffff

Linker script and memory map

LOAD /home/rustam/.arduino15/packages/arduino/tools/arm-none-eabi-gcc/4.8.3-2014q1/bin/../lib/gcc/arm-none-eabi/4.8.3/armv7-m/crti.o
LOAD /home/rustam/.arduino15/packages/arduino/tools/arm-none-eabi-gcc/4.8.3-2014q1/bin/../lib/gcc/arm-none-eabi/4.8.3/armv7-m/crtbegin.o
LOAD /home/rustam/.arduino15/packages/arduino/tools/arm-none-eabi-gcc/4.8.3-2014q1/bin/../lib/gcc/arm-none-eabi/4.8.3/../../../../arm-none-eabi/lib/armv7-m/crt0.o
LOAD /home/rustam/.arduino15/packages/arduino/tools/arm-none-eabi-gcc/4.8.3-2014q1/bin/../lib/gcc/arm-none-eabi/4.8.3/armv7-m/libgcc.a
START GROUP
LOAD /tmp/arduino/sketches/BDAA1909B2769F757400EDF4F6E727D0/sketch/sketch_mar5a.ino.cpp.o
LOAD /tmp/arduino/sketches/BDAA1909B2769F757400EDF4F6E727D0/core/board.cpp.o
LOAD /tmp/arduino/sketches/BDAA1909B2769F757400EDF4F6E727D0/core/wirish/boards.cpp.o
LOAD /tmp/arduino/sketches/BDAA1909B2769F757400EDF4F6E727D0/core/wirish/boards_setup.cpp.o
LOAD /tmp/arduino/sketches/BDAA1909B2769F757400EDF4F6E727D0/core/wirish/start.S.o
LOAD /tmp/arduino/sketches/BDAA1909B2769F757400EDF4F6E727D0/core/wirish/start_c.c.o
LOAD /tmp/arduino/sketches/BDAA1909B2769F757400EDF4F6E727D0/core/wirish/syscalls.c.o
LOAD /tmp/arduino/cores/54e0fbe7534a169f1b80445754ff33cf/core.a
END GROUP
LOAD /home/rustam/.arduino15/packages/arduino/tools/arm-none-eabi-gcc/4.8.3-2014q1/bin/../lib/gcc/arm-none-eabi/4.8.3/../../../../arm-none-eabi/lib/armv7-m/libstdc++_s.a
LOAD /home/rustam/.arduino15/packages/arduino/tools/arm-none-eabi-gcc/4.8.3-2014q1/bin/../lib/gcc/arm-none-eabi/4.8.3/../../../../arm-none-eabi/lib/armv7-m/libm.a
START GROUP
LOAD /home/rustam/.arduino15/packages/arduino/tools/arm-none-eabi-gcc/4.8.3-2014q1/bin/../lib/gcc/arm-none-eabi/4.8.3/armv7-m/libgcc.a
LOAD /home/rustam/.arduino15/packages/arduino/tools/arm-none-eabi-gcc/4.8.3-2014q1/bin/../lib/gcc/arm-none-eabi/4.8.3/../../../../arm-none-eabi/lib/armv7-m/libc_s.a
END GROUP
START GROUP
LOAD /home/rustam/.arduino15/packages/arduino/tools/arm-none-eabi-gcc/4.8.3-2014q1/bin/../lib/gcc/arm-none-eabi/4.8.3/armv7-m/libgcc.a
LOAD /home/rustam/.arduino15/packages/arduino/tools/arm-none-eabi-gcc/4.8.3-2014q1/bin/../lib/gcc/arm-none-eabi/4.8.3/../../../../arm-none-eabi/lib/armv7-m/libc_s.a
END GROUP
LOAD /home/rustam/.arduino15/packages/arduino/tools/arm-none-eabi-gcc/4.8.3-2014q1/bin/../lib/gcc/arm-none-eabi/4.8.3/armv7-m/crtend.o
LOAD /home/rustam/.arduino15/packages/arduino/tools/arm-none-eabi-gcc/4.8.3-2014q1/bin/../lib/gcc/arm-none-eabi/4.8.3/armv7-m/crtn.o
START GROUP
LOAD /home/rustam/.arduino15/packages/arduino/tools/arm-none-eabi-gcc/4.8.3-2014q1/bin/../lib/gcc/arm-none-eabi/4.8.3/armv7-m/libgcc.a
LOAD /home/rustam/.arduino15/packages/arduino/tools/arm-none-eabi-gcc/4.8.3-2014q1/bin/../lib/gcc/arm-none-eabi/4.8.3/../../../../arm-none-eabi/lib/armv7-m/libc.a
LOAD /home/rustam/.arduino15/packages/arduino/tools/arm-none-eabi-gcc/4.8.3-2014q1/bin/../lib/gcc/arm-none-eabi/4.8.3/../../../../arm-none-eabi/lib/armv7-m/libm.a
END GROUP
START GROUP
LOAD /home/rustam/.arduino15/packages/arduino/tools/arm-none-eabi-gcc/4.8.3-2014q1/bin/../lib/gcc/arm-none-eabi/4.8.3/../../../../arm-none-eabi/lib/armv7-m/libnosys.a
END GROUP
                0x0000000020005000                PROVIDE (__msp_init, (ORIGIN (ram) + 0x5000))
                0x00000000080003d0                PROVIDE (__exc_reset, __start__)

.text           0x0000000008000000     0x2a18
                0x0000000008000000                __text_start__ = .
 *(.stm32.interrupt_vector)
 .stm32.interrupt_vector
                0x0000000008000000       0xec /tmp/arduino/cores/54e0fbe7534a169f1b80445754ff33cf/core.a(vector_table.S.o)
                0x0000000008000000                __stm32_vector_table
 *(.text .text.* .gnu.linkonce.t.*)
 .text          0x00000000080000ec       0x54 /home/rustam/.arduino15/packages/arduino/tools/arm-none-eabi-gcc/4.8.3-2014q1/bin/../lib/gcc/arm-none-eabi/4.8.3/armv7-m/crtbegin.o
 .text._Z5setupv
                0x0000000008000140       0x18 /tmp/arduino/sketches/BDAA1909B2769F757400EDF4F6E727D0/sketch/sketch_mar5a.ino.cpp.o
                0x0000000008000140                setup()
 .text._Z4loopv
                0x0000000008000158       0x28 /tmp/arduino/sketches/BDAA1909B2769F757400EDF4F6E727D0/sketch/sketch_mar5a.ino.cpp.o
                0x0000000008000158                loop()
 .text._Z9boardInitv
                0x0000000008000180        0x2 /tmp/arduino/sketches/BDAA1909B2769F757400EDF4F6E727D0/core/board.cpp.o
                0x0000000008000180                boardInit()
 *fill*         0x0000000008000182        0x2 
 .text.startup._GLOBAL__sub_I__Z9boardInitv
                0x0000000008000184       0x48 /tmp/arduino/sketches/BDAA1909B2769F757400EDF4F6E727D0/core/board.cpp.o
 .text._ZL18adc_default_configP7adc_dev
                0x00000000080001cc       0x1c /tmp/arduino/sketches/BDAA1909B2769F757400EDF4F6E727D0/core/wirish/boards.cpp.o
 .text._ZL20timer_default_configP9timer_dev
                0x00000000080001e8       0x9e /tmp/arduino/sketches/BDAA1909B2769F757400EDF4F6E727D0/core/wirish/boards.cpp.o
 *fill*         0x0000000008000286        0x2 
 .text._Z4initv
                0x0000000008000288       0xbc /tmp/arduino/sketches/BDAA1909B2769F757400EDF4F6E727D0/core/wirish/boards.cpp.o
                0x0000000008000288                init()
 .text._ZN6wirish4priv15board_reset_pllEv
                0x0000000008000344        0x2 /tmp/arduino/sketches/BDAA1909B2769F757400EDF4F6E727D0/core/wirish/boards_setup.cpp.o
                0x0000000008000344                wirish::priv::board_reset_pll()
 .text._ZN6wirish4priv28board_setup_clock_prescalersEv
                0x0000000008000346       0x2e /tmp/arduino/sketches/BDAA1909B2769F757400EDF4F6E727D0/core/wirish/boards_setup.cpp.o
                0x0000000008000346                wirish::priv::board_setup_clock_prescalers()
 .text._ZN6wirish4priv16board_setup_gpioEv
                0x0000000008000374        0x4 /tmp/arduino/sketches/BDAA1909B2769F757400EDF4F6E727D0/core/wirish/boards_setup.cpp.o
                0x0000000008000374                wirish::priv::board_setup_gpio()
 .text._ZN6wirish4priv15board_setup_usbEv
                0x0000000008000378       0x54 /tmp/arduino/sketches/BDAA1909B2769F757400EDF4F6E727D0/core/wirish/boards_setup.cpp.o
                0x0000000008000378                wirish::priv::board_setup_usb()
 .text._ZN6wirish4priv11series_initEv
                0x00000000080003cc        0x4 /tmp/arduino/sketches/BDAA1909B2769F757400EDF4F6E727D0/core/wirish/boards_setup.cpp.o
                0x00000000080003cc                wirish::priv::series_init()
 .text          0x00000000080003d0       0x10 /tmp/arduino/sketches/BDAA1909B2769F757400EDF4F6E727D0/core/wirish/start.S.o
                0x00000000080003d0                __start__
 .text.start_c  0x00000000080003e0       0x58 /tmp/arduino/sketches/BDAA1909B2769F757400EDF4F6E727D0/core/wirish/start_c.c.o
                0x00000000080003e0                start_c
 .text.rb_full_count
                0x0000000008000438       0x22 /tmp/arduino/cores/54e0fbe7534a169f1b80445754ff33cf/core.a(HardwareSerial.cpp.o)
 .text._ZN14HardwareSerial4readEv
                0x000000000800045a       0x3a /tmp/arduino/cores/54e0fbe7534a169f1b80445754ff33cf/core.a(HardwareSerial.cpp.o)
                0x000000000800045a                HardwareSerial::read()
 .text._ZN14HardwareSerial9availableEv
                0x0000000008000494        0xc /tmp/arduino/cores/54e0fbe7534a169f1b80445754ff33cf/core.a(HardwareSerial.cpp.o)
                0x0000000008000494                HardwareSerial::available()
 .text._ZN14HardwareSerial4peekEv
                0x00000000080004a0       0x22 /tmp/arduino/cores/54e0fbe7534a169f1b80445754ff33cf/core.a(HardwareSerial.cpp.o)
                0x00000000080004a0                HardwareSerial::peek()
 .text._ZN14HardwareSerial5flushEv
                0x00000000080004c2       0x1a /tmp/arduino/cores/54e0fbe7534a169f1b80445754ff33cf/core.a(HardwareSerial.cpp.o)
                0x00000000080004c2                HardwareSerial::flush()
 .text._ZN14HardwareSerial5writeEh
                0x00000000080004dc       0x1e /tmp/arduino/cores/54e0fbe7534a169f1b80445754ff33cf/core.a(HardwareSerial.cpp.o)
                0x00000000080004dc                HardwareSerial::write(unsigned char)
 *fill*         0x00000000080004fa        0x2 
 .text._ZN14HardwareSerialC2EP9usart_devhh
                0x00000000080004fc       0x1c /tmp/arduino/cores/54e0fbe7534a169f1b80445754ff33cf/core.a(HardwareSerial.cpp.o)
                0x00000000080004fc                HardwareSerial::HardwareSerial(usart_dev*, unsigned char, unsigned char)
                0x00000000080004fc                HardwareSerial::HardwareSerial(usart_dev*, unsigned char, unsigned char)
 .text._ZN5Print5writeEPKvm
                0x0000000008000518       0x20 /tmp/arduino/cores/54e0fbe7534a169f1b80445754ff33cf/core.a(Print.cpp.o)
                0x0000000008000518                Print::write(void const*, unsigned long)
 .text._ZN5Print5writeEPKc
                0x0000000008000538       0x1e /tmp/arduino/cores/54e0fbe7534a169f1b80445754ff33cf/core.a(Print.cpp.o)
                0x0000000008000538                Print::write(char const*)
 .text.adc_init
                0x0000000008000556       0x14 /tmp/arduino/cores/54e0fbe7534a169f1b80445754ff33cf/core.a(adc.c.o)
                0x0000000008000556                adc_init
 .text.adc_set_extsel
                0x000000000800056a       0x12 /tmp/arduino/cores/54e0fbe7534a169f1b80445754ff33cf/core.a(adc.c.o)
                0x000000000800056a                adc_set_extsel
 .text.adc_set_sample_rate
                0x000000000800057c       0x30 /tmp/arduino/cores/54e0fbe7534a169f1b80445754ff33cf/core.a(adc.c.o)
                0x000000000800057c                adc_set_sample_rate
 .text.__irq_adc
                0x00000000080005ac       0x50 /tmp/arduino/cores/54e0fbe7534a169f1b80445754ff33cf/core.a(adc_f1.c.o)
                0x00000000080005ac                __irq_adc
 .text.adc_calibrate
                0x00000000080005fc       0x24 /tmp/arduino/cores/54e0fbe7534a169f1b80445754ff33cf/core.a(adc_f1.c.o)
                0x00000000080005fc                adc_calibrate
 .text.adc_set_prescaler
                0x0000000008000620        0x8 /tmp/arduino/cores/54e0fbe7534a169f1b80445754ff33cf/core.a(adc_f1.c.o)
                0x0000000008000620                adc_set_prescaler
 .text.adc_foreach
                0x0000000008000628       0x1c /tmp/arduino/cores/54e0fbe7534a169f1b80445754ff33cf/core.a(adc_f1.c.o)
                0x0000000008000628                adc_foreach
 .text.adc_enable_single_swstart
                0x0000000008000644       0x36 /tmp/arduino/cores/54e0fbe7534a169f1b80445754ff33cf/core.a(adc_f1.c.o)
                0x0000000008000644                adc_enable_single_swstart
 .text.dma_irq_handler
                0x000000000800067a       0x1c /tmp/arduino/cores/54e0fbe7534a169f1b80445754ff33cf/core.a(dma_f1.c.o)
 *fill*         0x0000000008000696        0x2 
 .text.__irq_dma1_channel1
                0x0000000008000698       0x10 /tmp/arduino/cores/54e0fbe7534a169f1b80445754ff33cf/core.a(dma_f1.c.o)
                0x0000000008000698                __irq_dma1_channel1
 .text.__irq_dma1_channel2
                0x00000000080006a8       0x10 /tmp/arduino/cores/54e0fbe7534a169f1b80445754ff33cf/core.a(dma_f1.c.o)
                0x00000000080006a8                __irq_dma1_channel2
 .text.__irq_dma1_channel3
                0x00000000080006b8       0x10 /tmp/arduino/cores/54e0fbe7534a169f1b80445754ff33cf/core.a(dma_f1.c.o)
                0x00000000080006b8                __irq_dma1_channel3
 .text.__irq_dma1_channel4
                0x00000000080006c8       0x10 /tmp/arduino/cores/54e0fbe7534a169f1b80445754ff33cf/core.a(dma_f1.c.o)
                0x00000000080006c8                __irq_dma1_channel4
 .text.__irq_dma1_channel5
                0x00000000080006d8       0x10 /tmp/arduino/cores/54e0fbe7534a169f1b80445754ff33cf/core.a(dma_f1.c.o)
                0x00000000080006d8                __irq_dma1_channel5
 .text.__irq_dma1_channel6
                0x00000000080006e8       0x10 /tmp/arduino/cores/54e0fbe7534a169f1b80445754ff33cf/core.a(dma_f1.c.o)
                0x00000000080006e8                __irq_dma1_channel6
 .text.__irq_dma1_channel7
                0x00000000080006f8       0x10 /tmp/arduino/cores/54e0fbe7534a169f1b80445754ff33cf/core.a(dma_f1.c.o)
                0x00000000080006f8                __irq_dma1_channel7
 *fill*         0x0000000008000708        0x8 
 .text          0x0000000008000710       0x60 /tmp/arduino/cores/54e0fbe7534a169f1b80445754ff33cf/core.a(exc.S.o)
                0x0000000008000710                __exc_nmi
                0x0000000008000714                __exc_hardfault
                0x0000000008000718                __exc_memmanage
                0x000000000800071c                __exc_busfault
                0x0000000008000720                __exc_usagefault
 .text.dispatch_single_exti
                0x0000000008000770       0x2c /tmp/arduino/cores/54e0fbe7534a169f1b80445754ff33cf/core.a(exti.c.o)
                0x0000000008000770                dispatch_single_exti
 .text.dispatch_extis
                0x000000000800079c       0x4c /tmp/arduino/cores/54e0fbe7534a169f1b80445754ff33cf/core.a(exti.c.o)
                0x000000000800079c                dispatch_extis
 .text.__irq_exti0
                0x00000000080007e8        0x6 /tmp/arduino/cores/54e0fbe7534a169f1b80445754ff33cf/core.a(exti.c.o)
                0x00000000080007e8                __irq_exti0
 .text.__irq_exti1
                0x00000000080007ee        0x6 /tmp/arduino/cores/54e0fbe7534a169f1b80445754ff33cf/core.a(exti.c.o)
                0x00000000080007ee                __irq_exti1
 .text.__irq_exti2
                0x00000000080007f4        0x6 /tmp/arduino/cores/54e0fbe7534a169f1b80445754ff33cf/core.a(exti.c.o)
                0x00000000080007f4                __irq_exti2
 .text.__irq_exti3
                0x00000000080007fa        0x6 /tmp/arduino/cores/54e0fbe7534a169f1b80445754ff33cf/core.a(exti.c.o)
                0x00000000080007fa                __irq_exti3
 .text.__irq_exti4
                0x0000000008000800        0x6 /tmp/arduino/cores/54e0fbe7534a169f1b80445754ff33cf/core.a(exti.c.o)
                0x0000000008000800                __irq_exti4
 .text.__irq_exti9_5
                0x0000000008000806        0x8 /tmp/arduino/cores/54e0fbe7534a169f1b80445754ff33cf/core.a(exti.c.o)
                0x0000000008000806                __irq_exti9_5
 .text.__irq_exti15_10
                0x000000000800080e        0x8 /tmp/arduino/cores/54e0fbe7534a169f1b80445754ff33cf/core.a(exti.c.o)
                0x000000000800080e                __irq_exti15_10
 *fill*         0x0000000008000816        0x2 
 .text.flash_set_latency
                0x0000000008000818       0x14 /tmp/arduino/cores/54e0fbe7534a169f1b80445754ff33cf/core.a(flash.c.o)
                0x0000000008000818                flash_set_latency
 .text.gpio_init_all
                0x000000000800082c       0x30 /tmp/arduino/cores/54e0fbe7534a169f1b80445754ff33cf/core.a(gpio_f1.c.o)
                0x000000000800082c                gpio_init_all
 .text.gpio_set_mode
                0x000000000800085c       0x50 /tmp/arduino/cores/54e0fbe7534a169f1b80445754ff33cf/core.a(gpio_f1.c.o)
                0x000000000800085c                gpio_set_mode
 .text.afio_init
                0x00000000080008ac       0x12 /tmp/arduino/cores/54e0fbe7534a169f1b80445754ff33cf/core.a(gpio_f1.c.o)
                0x00000000080008ac                afio_init
 *fill*         0x00000000080008be        0x2 
 .text.__irq_i2c1_ev
                0x00000000080008c0        0xc /tmp/arduino/cores/54e0fbe7534a169f1b80445754ff33cf/core.a(i2c_f1.c.o)
                0x00000000080008c0                __irq_i2c1_ev
 .text.__irq_i2c2_ev
                0x00000000080008cc        0xc /tmp/arduino/cores/54e0fbe7534a169f1b80445754ff33cf/core.a(i2c_f1.c.o)
                0x00000000080008cc                __irq_i2c2_ev
 .text.__irq_i2c1_er
                0x00000000080008d8        0xc /tmp/arduino/cores/54e0fbe7534a169f1b80445754ff33cf/core.a(i2c_f1.c.o)
                0x00000000080008d8                __irq_i2c1_er
 .text.__irq_i2c2_er
                0x00000000080008e4        0xc /tmp/arduino/cores/54e0fbe7534a169f1b80445754ff33cf/core.a(i2c_f1.c.o)
                0x00000000080008e4                __irq_i2c2_er
 .text.nvic_irq_set_priority
                0x00000000080008f0       0x28 /tmp/arduino/cores/54e0fbe7534a169f1b80445754ff33cf/core.a(nvic.c.o)
                0x00000000080008f0                nvic_irq_set_priority
 .text.nvic_init
                0x0000000008000918       0x30 /tmp/arduino/cores/54e0fbe7534a169f1b80445754ff33cf/core.a(nvic.c.o)
                0x0000000008000918                nvic_init
 .text.nvic_sys_reset
                0x0000000008000948       0x1c /tmp/arduino/cores/54e0fbe7534a169f1b80445754ff33cf/core.a(nvic.c.o)
                0x0000000008000948                nvic_sys_reset
 .text.rcc_dev_clk
                0x0000000008000964        0xc /tmp/arduino/cores/54e0fbe7534a169f1b80445754ff33cf/core.a(rcc.c.o)
                0x0000000008000964                rcc_dev_clk
 .text.rcc_switch_sysclk
                0x0000000008000970       0x20 /tmp/arduino/cores/54e0fbe7534a169f1b80445754ff33cf/core.a(rcc.c.o)
                0x0000000008000970                rcc_switch_sysclk
 .text.rcc_turn_on_clk
                0x0000000008000990       0x1a /tmp/arduino/cores/54e0fbe7534a169f1b80445754ff33cf/core.a(rcc.c.o)
                0x0000000008000990                rcc_turn_on_clk
 .text.rcc_turn_off_clk
                0x00000000080009aa       0x1c /tmp/arduino/cores/54e0fbe7534a169f1b80445754ff33cf/core.a(rcc.c.o)
                0x00000000080009aa                rcc_turn_off_clk
 .text.rcc_is_clk_ready
                0x00000000080009c6       0x18 /tmp/arduino/cores/54e0fbe7534a169f1b80445754ff33cf/core.a(rcc.c.o)
                0x00000000080009c6                rcc_is_clk_ready
 *fill*         0x00000000080009de        0x2 
 .text.rcc_configure_pll
                0x00000000080009e0       0x18 /tmp/arduino/cores/54e0fbe7534a169f1b80445754ff33cf/core.a(rcc_f1.c.o)
                0x00000000080009e0                rcc_configure_pll
 .text.rcc_clk_enable
                0x00000000080009f8       0x30 /tmp/arduino/cores/54e0fbe7534a169f1b80445754ff33cf/core.a(rcc_f1.c.o)
                0x00000000080009f8                rcc_clk_enable
 .text.rcc_reset_dev
                0x0000000008000a28       0x34 /tmp/arduino/cores/54e0fbe7534a169f1b80445754ff33cf/core.a(rcc_f1.c.o)
                0x0000000008000a28                rcc_reset_dev
 .text.rcc_set_prescaler
                0x0000000008000a5c       0x20 /tmp/arduino/cores/54e0fbe7534a169f1b80445754ff33cf/core.a(rcc_f1.c.o)
                0x0000000008000a5c                rcc_set_prescaler
 .text.rcc_clk_disable
                0x0000000008000a7c       0x30 /tmp/arduino/cores/54e0fbe7534a169f1b80445754ff33cf/core.a(rcc_f1.c.o)
                0x0000000008000a7c                rcc_clk_disable
 .text          0x0000000008000aac        0x2 /tmp/arduino/cores/54e0fbe7534a169f1b80445754ff33cf/core.a(isrs.S.o)
                0x0000000008000aac                __stm32reservedexception9
                0x0000000008000aac                __exc_debug_monitor
                0x0000000008000aac                __exc_svc
                0x0000000008000aac                __irq_can_rx1
                0x0000000008000aac                __irq_spi2
                0x0000000008000aac                __irq_can_sce
                0x0000000008000aac                __irq_pvd
                0x0000000008000aac                __irq_tamper
                0x0000000008000aac                __default_handler
                0x0000000008000aac                __irq_wwdg
                0x0000000008000aac                __stm32reservedexception10
                0x0000000008000aac                __irq_flash
                0x0000000008000aac                __stm32reservedexception13
                0x0000000008000aac                __irq_rtc
                0x0000000008000aac                __irq_spi1
                0x0000000008000aac                __stm32reservedexception7
                0x0000000008000aac                __irq_usb_hp_can_tx
                0x0000000008000aac                __irq_rtcalarm
                0x0000000008000aac                __stm32reservedexception8
                0x0000000008000aac                __exc_pendsv
                0x0000000008000aac                __irq_usbwakeup
                0x0000000008000aac                __irq_rcc
 *fill*         0x0000000008000aae        0x2 
 .text.systick_init
                0x0000000008000ab0       0x10 /tmp/arduino/cores/54e0fbe7534a169f1b80445754ff33cf/core.a(systick.c.o)
                0x0000000008000ab0                systick_init
 .text.__exc_systick
                0x0000000008000ac0       0x1c /tmp/arduino/cores/54e0fbe7534a169f1b80445754ff33cf/core.a(systick.c.o)
                0x0000000008000ac0                __exc_systick
 .text.timer_oc_set_mode
                0x0000000008000adc       0x3a /tmp/arduino/cores/54e0fbe7534a169f1b80445754ff33cf/core.a(timer.c.o)
 .text.dispatch_general
                0x0000000008000b16       0x66 /tmp/arduino/cores/54e0fbe7534a169f1b80445754ff33cf/core.a(timer.c.o)
 .text.timer_cc_enable
                0x0000000008000b7c       0x1c /tmp/arduino/cores/54e0fbe7534a169f1b80445754ff33cf/core.a(timer.c.o)
 .text.timer_foreach
                0x0000000008000b98       0x28 /tmp/arduino/cores/54e0fbe7534a169f1b80445754ff33cf/core.a(timer.c.o)
                0x0000000008000b98                timer_foreach
 .text.timer_init
                0x0000000008000bc0       0x14 /tmp/arduino/cores/54e0fbe7534a169f1b80445754ff33cf/core.a(timer.c.o)
                0x0000000008000bc0                timer_init
 .text.timer_has_cc_channel
                0x0000000008000bd4       0x30 /tmp/arduino/cores/54e0fbe7534a169f1b80445754ff33cf/core.a(timer.c.o)
                0x0000000008000bd4                timer_has_cc_channel
 .text.timer_detach_interrupt
                0x0000000008000c04       0x1e /tmp/arduino/cores/54e0fbe7534a169f1b80445754ff33cf/core.a(timer.c.o)
                0x0000000008000c04                timer_detach_interrupt
 .text.input_capture_mode
                0x0000000008000c22       0x1a /tmp/arduino/cores/54e0fbe7534a169f1b80445754ff33cf/core.a(timer.c.o)
                0x0000000008000c22                input_capture_mode
 .text.timer_set_mode
                0x0000000008000c3c       0x8c /tmp/arduino/cores/54e0fbe7534a169f1b80445754ff33cf/core.a(timer.c.o)
                0x0000000008000c3c                timer_set_mode
 .text.__irq_tim1_brk
                0x0000000008000cc8       0x24 /tmp/arduino/cores/54e0fbe7534a169f1b80445754ff33cf/core.a(timer.c.o)
                0x0000000008000cc8                __irq_tim1_brk
 .text.__irq_tim1_up
                0x0000000008000cec       0x24 /tmp/arduino/cores/54e0fbe7534a169f1b80445754ff33cf/core.a(timer.c.o)
                0x0000000008000cec                __irq_tim1_up
 .text.__irq_tim1_trg_com
                0x0000000008000d10       0x34 /tmp/arduino/cores/54e0fbe7534a169f1b80445754ff33cf/core.a(timer.c.o)
                0x0000000008000d10                __irq_tim1_trg_com
 .text.__irq_tim1_cc
                0x0000000008000d44       0x50 /tmp/arduino/cores/54e0fbe7534a169f1b80445754ff33cf/core.a(timer.c.o)
                0x0000000008000d44                __irq_tim1_cc
 .text.__irq_tim2
                0x0000000008000d94        0xc /tmp/arduino/cores/54e0fbe7534a169f1b80445754ff33cf/core.a(timer.c.o)
                0x0000000008000d94                __irq_tim2
 .text.__irq_tim3
                0x0000000008000da0        0xc /tmp/arduino/cores/54e0fbe7534a169f1b80445754ff33cf/core.a(timer.c.o)
                0x0000000008000da0                __irq_tim3
 .text.__irq_tim4
                0x0000000008000dac        0xc /tmp/arduino/cores/54e0fbe7534a169f1b80445754ff33cf/core.a(timer.c.o)
                0x0000000008000dac                __irq_tim4
 .text.usart_tx
                0x0000000008000db8       0x9c /tmp/arduino/cores/54e0fbe7534a169f1b80445754ff33cf/core.a(usart.c.o)
                0x0000000008000db8                usart_tx
 .text.usart_irq
                0x0000000008000e54       0xc8 /tmp/arduino/cores/54e0fbe7534a169f1b80445754ff33cf/core.a(usart_f1.c.o)
 .text.__irq_usart1
                0x0000000008000f1c       0x18 /tmp/arduino/cores/54e0fbe7534a169f1b80445754ff33cf/core.a(usart_f1.c.o)
                0x0000000008000f1c                __irq_usart1
 .text.__irq_usart2
                0x0000000008000f34       0x18 /tmp/arduino/cores/54e0fbe7534a169f1b80445754ff33cf/core.a(usart_f1.c.o)
                0x0000000008000f34                __irq_usart2
 .text.__irq_usart3
                0x0000000008000f4c       0x18 /tmp/arduino/cores/54e0fbe7534a169f1b80445754ff33cf/core.a(usart_f1.c.o)
                0x0000000008000f4c                __irq_usart3
 .text.usb_resume
                0x0000000008000f64       0xb4 /tmp/arduino/cores/54e0fbe7534a169f1b80445754ff33cf/core.a(usb.c.o)
 .text.usb_init_usblib
                0x0000000008001018       0x48 /tmp/arduino/cores/54e0fbe7534a169f1b80445754ff33cf/core.a(usb.c.o)
                0x0000000008001018                usb_init_usblib
 .text.__irq_usb_lp_can_rx0
                0x0000000008001060      0x1c8 /tmp/arduino/cores/54e0fbe7534a169f1b80445754ff33cf/core.a(usb.c.o)
                0x0000000008001060                __irq_usb_lp_can_rx0
 .text.usb_set_ep_rx_stat
                0x0000000008001228       0x22 /tmp/arduino/cores/54e0fbe7534a169f1b80445754ff33cf/core.a(usb_cdcacm.c.o)
 *fill*         0x000000000800124a        0x2 
 .text.vcomGetSetLineCoding
                0x000000000800124c       0x18 /tmp/arduino/cores/54e0fbe7534a169f1b80445754ff33cf/core.a(usb_cdcacm.c.o)
 .text.usbDataSetup
                0x0000000008001264       0x54 /tmp/arduino/cores/54e0fbe7534a169f1b80445754ff33cf/core.a(usb_cdcacm.c.o)
 .text.usbNoDataSetup
                0x00000000080012b8       0x50 /tmp/arduino/cores/54e0fbe7534a169f1b80445754ff33cf/core.a(usb_cdcacm.c.o)
 .text.usbGetInterfaceSetting
                0x0000000008001308       0x10 /tmp/arduino/cores/54e0fbe7534a169f1b80445754ff33cf/core.a(usb_cdcacm.c.o)
 .text.usbSetConfiguration
                0x0000000008001318       0x1c /tmp/arduino/cores/54e0fbe7534a169f1b80445754ff33cf/core.a(usb_cdcacm.c.o)
 .text.usbSetDeviceAddress
                0x0000000008001334       0x10 /tmp/arduino/cores/54e0fbe7534a169f1b80445754ff33cf/core.a(usb_cdcacm.c.o)
 .text.usbGetStringDescriptor
                0x0000000008001344       0x20 /tmp/arduino/cores/54e0fbe7534a169f1b80445754ff33cf/core.a(usb_cdcacm.c.o)
 .text.usbGetConfigDescriptor
                0x0000000008001364        0xc /tmp/arduino/cores/54e0fbe7534a169f1b80445754ff33cf/core.a(usb_cdcacm.c.o)
 .text.usbGetDeviceDescriptor
                0x0000000008001370        0xc /tmp/arduino/cores/54e0fbe7534a169f1b80445754ff33cf/core.a(usb_cdcacm.c.o)
 .text.usbInit  0x000000000800137c       0x44 /tmp/arduino/cores/54e0fbe7534a169f1b80445754ff33cf/core.a(usb_cdcacm.c.o)
 .text.vcomDataTxCb
                0x00000000080013c0       0xa0 /tmp/arduino/cores/54e0fbe7534a169f1b80445754ff33cf/core.a(usb_cdcacm.c.o)
 .text.usbReset
                0x0000000008001460      0x160 /tmp/arduino/cores/54e0fbe7534a169f1b80445754ff33cf/core.a(usb_cdcacm.c.o)
 .text.vcomDataRxCb
                0x00000000080015c0       0x7c /tmp/arduino/cores/54e0fbe7534a169f1b80445754ff33cf/core.a(usb_cdcacm.c.o)
 .text.usb_cdcacm_set_hooks
                0x000000000800163c       0x1c /tmp/arduino/cores/54e0fbe7534a169f1b80445754ff33cf/core.a(usb_cdcacm.c.o)
                0x000000000800163c                usb_cdcacm_set_hooks
 .text.usb_cdcacm_enable
                0x0000000008001658       0x38 /tmp/arduino/cores/54e0fbe7534a169f1b80445754ff33cf/core.a(usb_cdcacm.c.o)
                0x0000000008001658                usb_cdcacm_enable
 .text.usb_cdcacm_tx
                0x0000000008001690       0x60 /tmp/arduino/cores/54e0fbe7534a169f1b80445754ff33cf/core.a(usb_cdcacm.c.o)
                0x0000000008001690                usb_cdcacm_tx
 .text.usb_cdcacm_data_available
                0x00000000080016f0       0x18 /tmp/arduino/cores/54e0fbe7534a169f1b80445754ff33cf/core.a(usb_cdcacm.c.o)
                0x00000000080016f0                usb_cdcacm_data_available
 .text.usb_cdcacm_peek
                0x0000000008001708       0x38 /tmp/arduino/cores/54e0fbe7534a169f1b80445754ff33cf/core.a(usb_cdcacm.c.o)
                0x0000000008001708                usb_cdcacm_peek
 .text.usb_cdcacm_rx
                0x0000000008001740       0x34 /tmp/arduino/cores/54e0fbe7534a169f1b80445754ff33cf/core.a(usb_cdcacm.c.o)
                0x0000000008001740                usb_cdcacm_rx
 .text.usb_cdcacm_peek_ex
                0x0000000008001774       0x3c /tmp/arduino/cores/54e0fbe7534a169f1b80445754ff33cf/core.a(usb_cdcacm.c.o)
                0x0000000008001774                usb_cdcacm_peek_ex
 .text.usb_cdcacm_get_dtr
                0x00000000080017b0       0x10 /tmp/arduino/cores/54e0fbe7534a169f1b80445754ff33cf/core.a(usb_cdcacm.c.o)
                0x00000000080017b0                usb_cdcacm_get_dtr
 .text.usb_set_ep_rx_count
                0x00000000080017c0       0x4c /tmp/arduino/cores/54e0fbe7534a169f1b80445754ff33cf/core.a(usb_reg_map.c.o)
                0x00000000080017c0                usb_set_ep_rx_count
 .text.Standard_GetConfiguration
                0x000000000800180c       0x24 /tmp/arduino/cores/54e0fbe7534a169f1b80445754ff33cf/core.a(usb_core.c.o)
                0x000000000800180c                Standard_GetConfiguration
 .text.Standard_GetInterface
                0x0000000008001830       0x24 /tmp/arduino/cores/54e0fbe7534a169f1b80445754ff33cf/core.a(usb_core.c.o)
                0x0000000008001830                Standard_GetInterface
 .text.Standard_GetStatus
                0x0000000008001854       0x90 /tmp/arduino/cores/54e0fbe7534a169f1b80445754ff33cf/core.a(usb_core.c.o)
                0x0000000008001854                Standard_GetStatus
 .text.DataStageIn
                0x00000000080018e4       0xa8 /tmp/arduino/cores/54e0fbe7534a169f1b80445754ff33cf/core.a(usb_core.c.o)
 .text.Standard_SetConfiguration
                0x000000000800198c       0x38 /tmp/arduino/cores/54e0fbe7534a169f1b80445754ff33cf/core.a(usb_core.c.o)
                0x000000000800198c                Standard_SetConfiguration
 .text.Standard_SetInterface
                0x00000000080019c4       0x48 /tmp/arduino/cores/54e0fbe7534a169f1b80445754ff33cf/core.a(usb_core.c.o)
                0x00000000080019c4                Standard_SetInterface
 .text.Standard_ClearFeature
                0x0000000008001a0c       0xd0 /tmp/arduino/cores/54e0fbe7534a169f1b80445754ff33cf/core.a(usb_core.c.o)
                0x0000000008001a0c                Standard_ClearFeature
 .text.Standard_SetEndPointFeature
                0x0000000008001adc       0x84 /tmp/arduino/cores/54e0fbe7534a169f1b80445754ff33cf/core.a(usb_core.c.o)
                0x0000000008001adc                Standard_SetEndPointFeature
 .text.Standard_SetDeviceFeature
                0x0000000008001b60       0x24 /tmp/arduino/cores/54e0fbe7534a169f1b80445754ff33cf/core.a(usb_core.c.o)
                0x0000000008001b60                Standard_SetDeviceFeature
 .text.Standard_GetDescriptorData
                0x0000000008001b84       0x1c /tmp/arduino/cores/54e0fbe7534a169f1b80445754ff33cf/core.a(usb_core.c.o)
                0x0000000008001b84                Standard_GetDescriptorData
 .text.Post0_Process
                0x0000000008001ba0       0x40 /tmp/arduino/cores/54e0fbe7534a169f1b80445754ff33cf/core.a(usb_core.c.o)
                0x0000000008001ba0                Post0_Process
 .text.Setup0_Process
                0x0000000008001be0      0x2d0 /tmp/arduino/cores/54e0fbe7534a169f1b80445754ff33cf/core.a(usb_core.c.o)
                0x0000000008001be0                Setup0_Process
 .text.Out0_Process
                0x0000000008001eb0       0xc8 /tmp/arduino/cores/54e0fbe7534a169f1b80445754ff33cf/core.a(usb_core.c.o)
                0x0000000008001eb0                Out0_Process
 .text.SetDeviceAddress
                0x0000000008001f78       0x38 /tmp/arduino/cores/54e0fbe7534a169f1b80445754ff33cf/core.a(usb_core.c.o)
                0x0000000008001f78                SetDeviceAddress
 .text.In0_Process
                0x0000000008001fb0       0x5c /tmp/arduino/cores/54e0fbe7534a169f1b80445754ff33cf/core.a(usb_core.c.o)
                0x0000000008001fb0                In0_Process
 .text.NOP_Process
                0x000000000800200c        0x2 /tmp/arduino/cores/54e0fbe7534a169f1b80445754ff33cf/core.a(usb_core.c.o)
                0x000000000800200c                NOP_Process
 .text.UserToPMABufferCopy
                0x000000000800200e       0x30 /tmp/arduino/cores/54e0fbe7534a169f1b80445754ff33cf/core.a(usb_mem.c.o)
                0x000000000800200e                UserToPMABufferCopy
 .text.PMAToUserBufferCopy
                0x000000000800203e       0x32 /tmp/arduino/cores/54e0fbe7534a169f1b80445754ff33cf/core.a(usb_mem.c.o)
                0x000000000800203e                PMAToUserBufferCopy
 .text.SetEPTxStatus
                0x0000000008002070       0x2a /tmp/arduino/cores/54e0fbe7534a169f1b80445754ff33cf/core.a(usb_regs.c.o)
                0x0000000008002070                SetEPTxStatus
 .text.ClearDTOG_RX
                0x000000000800209a       0x20 /tmp/arduino/cores/54e0fbe7534a169f1b80445754ff33cf/core.a(usb_regs.c.o)
                0x000000000800209a                ClearDTOG_RX
 .text.ClearDTOG_TX
                0x00000000080020ba       0x20 /tmp/arduino/cores/54e0fbe7534a169f1b80445754ff33cf/core.a(usb_regs.c.o)
                0x00000000080020ba                ClearDTOG_TX
 *fill*         0x00000000080020da        0x2 
 .text.GetEPTxAddr
                0x00000000080020dc       0x1c /tmp/arduino/cores/54e0fbe7534a169f1b80445754ff33cf/core.a(usb_regs.c.o)
                0x00000000080020dc                GetEPTxAddr
 .text.GetEPRxAddr
                0x00000000080020f8       0x1c /tmp/arduino/cores/54e0fbe7534a169f1b80445754ff33cf/core.a(usb_regs.c.o)
                0x00000000080020f8                GetEPRxAddr
 .text.SetEPTxCount
                0x0000000008002114       0x1c /tmp/arduino/cores/54e0fbe7534a169f1b80445754ff33cf/core.a(usb_regs.c.o)
                0x0000000008002114                SetEPTxCount
 .text.SetEPRxCount
                0x0000000008002130       0x40 /tmp/arduino/cores/54e0fbe7534a169f1b80445754ff33cf/core.a(usb_regs.c.o)
                0x0000000008002130                SetEPRxCount
 .text.throb    0x0000000008002170       0x4c /tmp/arduino/cores/54e0fbe7534a169f1b80445754ff33cf/core.a(util.c.o)
                0x0000000008002170                throb
 .text.__error  0x00000000080021bc       0x14 /tmp/arduino/cores/54e0fbe7534a169f1b80445754ff33cf/core.a(util.c.o)
                0x00000000080021bc                __error
 .text.startup._Z7premainv
                0x00000000080021d0        0x4 /tmp/arduino/cores/54e0fbe7534a169f1b80445754ff33cf/core.a(main.cpp.o)
                0x00000000080021d0                premain()
 .text.startup.main
                0x00000000080021d4        0xc /tmp/arduino/cores/54e0fbe7534a169f1b80445754ff33cf/core.a(main.cpp.o)
                0x00000000080021d4                main
 .text._Z7pinModeh13WiringPinMode
                0x00000000080021e0       0x84 /tmp/arduino/cores/54e0fbe7534a169f1b80445754ff33cf/core.a(wirish_digital_f1.cpp.o)
                0x00000000080021e0                pinMode(unsigned char, WiringPinMode)
 .text._ZN9USBSerial9availableEv
                0x0000000008002264        0x4 /tmp/arduino/cores/54e0fbe7534a169f1b80445754ff33cf/core.a(usb_serial.cpp.o)
                0x0000000008002264                USBSerial::available()
 .text._ZN9USBSerial4peekEv
                0x0000000008002268       0x1e /tmp/arduino/cores/54e0fbe7534a169f1b80445754ff33cf/core.a(usb_serial.cpp.o)
                0x0000000008002268                USBSerial::peek()
 .text._ZN9USBSerial4readEv
                0x0000000008002286       0x1e /tmp/arduino/cores/54e0fbe7534a169f1b80445754ff33cf/core.a(usb_serial.cpp.o)
                0x0000000008002286                USBSerial::read()
 .text._ZL14ifaceSetupHookjPv
                0x00000000080022a4       0x38 /tmp/arduino/cores/54e0fbe7534a169f1b80445754ff33cf/core.a(usb_serial.cpp.o)
 .text._ZL6rxHookjPv
                0x00000000080022dc       0x6c /tmp/arduino/cores/54e0fbe7534a169f1b80445754ff33cf/core.a(usb_serial.cpp.o)
 .text._ZN9USBSerialC2Ev
                0x0000000008002348       0x14 /tmp/arduino/cores/54e0fbe7534a169f1b80445754ff33cf/core.a(usb_serial.cpp.o)
                0x0000000008002348                USBSerial::USBSerial()
                0x0000000008002348                USBSerial::USBSerial()
 .text._ZN9USBSerial5beginEv
                0x000000000800235c       0x34 /tmp/arduino/cores/54e0fbe7534a169f1b80445754ff33cf/core.a(usb_serial.cpp.o)
                0x000000000800235c                USBSerial::begin()
 .text._ZN9USBSerial5writeEPKhm
                0x0000000008002390       0x4c /tmp/arduino/cores/54e0fbe7534a169f1b80445754ff33cf/core.a(usb_serial.cpp.o)
                0x0000000008002390                USBSerial::write(unsigned char const*, unsigned long)
 .text._ZN9USBSerial5writeEh
                0x00000000080023dc       0x16 /tmp/arduino/cores/54e0fbe7534a169f1b80445754ff33cf/core.a(usb_serial.cpp.o)
                0x00000000080023dc                USBSerial::write(unsigned char)
 .text._ZN9USBSerial5writeEPKc
                0x00000000080023f2       0x1a /tmp/arduino/cores/54e0fbe7534a169f1b80445754ff33cf/core.a(usb_serial.cpp.o)
                0x00000000080023f2                USBSerial::write(char const*)
 .text._ZN9USBSerial4readEPhm
                0x000000000800240c       0x1c /tmp/arduino/cores/54e0fbe7534a169f1b80445754ff33cf/core.a(usb_serial.cpp.o)
                0x000000000800240c                USBSerial::read(unsigned char*, unsigned long)
 .text._ZN9USBSerial5flushEv
                0x0000000008002428       0x1c /tmp/arduino/cores/54e0fbe7534a169f1b80445754ff33cf/core.a(usb_serial.cpp.o)
                0x0000000008002428                USBSerial::flush()
 .text.startup._GLOBAL__sub_I__ZN9USBSerial9_hasBegunE
                0x0000000008002444        0xc /tmp/arduino/cores/54e0fbe7534a169f1b80445754ff33cf/core.a(usb_serial.cpp.o)
 .text._Z12digitalWritehh
                0x0000000008002450       0x2c /tmp/arduino/cores/54e0fbe7534a169f1b80445754ff33cf/core.a(wirish_digital.cpp.o)
                0x0000000008002450                digitalWrite(unsigned char, unsigned char)
 .text.micros   0x000000000800247c       0x34 /tmp/arduino/cores/54e0fbe7534a169f1b80445754ff33cf/core.a(wirish_time.cpp.o)
 .text.delay    0x00000000080024b0       0x2a /tmp/arduino/cores/54e0fbe7534a169f1b80445754ff33cf/core.a(wirish_time.cpp.o)
                0x00000000080024b0                delay
 .text.__empty  0x00000000080024da        0x2 /tmp/arduino/cores/54e0fbe7534a169f1b80445754ff33cf/core.a(hooks.c.o)
                0x00000000080024da                yield
 .text.bkp_init
                0x00000000080024dc       0x18 /tmp/arduino/cores/54e0fbe7534a169f1b80445754ff33cf/core.a(bkp_f1.c.o)
                0x00000000080024dc                bkp_init
 .text.bkp_enable_writes
                0x00000000080024f4        0xc /tmp/arduino/cores/54e0fbe7534a169f1b80445754ff33cf/core.a(bkp_f1.c.o)
                0x00000000080024f4                bkp_enable_writes
 .text.bkp_disable_writes
                0x0000000008002500        0xc /tmp/arduino/cores/54e0fbe7534a169f1b80445754ff33cf/core.a(bkp_f1.c.o)
                0x0000000008002500                bkp_disable_writes
 .text.bkp_write
                0x000000000800250c       0x16 /tmp/arduino/cores/54e0fbe7534a169f1b80445754ff33cf/core.a(bkp_f1.c.o)
                0x000000000800250c                bkp_write
 .text.gpio_init
                0x0000000008002522       0x14 /tmp/arduino/cores/54e0fbe7534a169f1b80445754ff33cf/core.a(gpio.c.o)
                0x0000000008002522                gpio_init
 .text.i2c_disable_irq
                0x0000000008002536        0xc /tmp/arduino/cores/54e0fbe7534a169f1b80445754ff33cf/core.a(i2c.c.o)
 *fill*         0x0000000008002542        0x2 
 .text._i2c_irq_handler
                0x0000000008002544      0x3d8 /tmp/arduino/cores/54e0fbe7534a169f1b80445754ff33cf/core.a(i2c.c.o)
                0x0000000008002544                _i2c_irq_handler
 .text._i2c_irq_error_handler
                0x000000000800291c       0x74 /tmp/arduino/cores/54e0fbe7534a169f1b80445754ff33cf/core.a(i2c.c.o)
                0x000000000800291c                _i2c_irq_error_handler
 .text.__libc_init_array
                0x0000000008002990       0x4c /home/rustam/.arduino15/packages/arduino/tools/arm-none-eabi-gcc/4.8.3-2014q1/bin/../lib/gcc/arm-none-eabi/4.8.3/../../../../arm-none-eabi/lib/armv7-m/libc_s.a(lib_a-init.o)
                0x0000000008002990                __libc_init_array
 .text.strlen   0x00000000080029dc       0x10 /home/rustam/.arduino15/packages/arduino/tools/arm-none-eabi-gcc/4.8.3-2014q1/bin/../lib/gcc/arm-none-eabi/4.8.3/../../../../arm-none-eabi/lib/armv7-m/libc_s.a(lib_a-strlen.o)
                0x00000000080029dc                strlen
 *(.plt)
 *(.gnu.warning)
 *(.glue_7t)
 .glue_7t       0x0000000000000000        0x0 linker stubs
 *(.glue_7)
 .glue_7        0x0000000000000000        0x0 linker stubs
 *(.vfp11_veneer)
 .vfp11_veneer  0x0000000000000000        0x0 linker stubs
 *(.ARM.extab* .gnu.linkonce.armextab.*)
 *(.gcc_except_table)
 *(.eh_frame_hdr)
 *(.eh_frame)
 .eh_frame      0x00000000080029ec        0x0 /home/rustam/.arduino15/packages/arduino/tools/arm-none-eabi-gcc/4.8.3-2014q1/bin/../lib/gcc/arm-none-eabi/4.8.3/armv7-m/crtbegin.o
                0x00000000080029ec                . = ALIGN (0x4)
 *(.init)
 .init          0x00000000080029ec        0x4 /home/rustam/.arduino15/packages/arduino/tools/arm-none-eabi-gcc/4.8.3-2014q1/bin/../lib/gcc/arm-none-eabi/4.8.3/armv7-m/crti.o
                0x00000000080029ec                _init
 .init          0x00000000080029f0        0x8 /home/rustam/.arduino15/packages/arduino/tools/arm-none-eabi-gcc/4.8.3-2014q1/bin/../lib/gcc/arm-none-eabi/4.8.3/armv7-m/crtn.o
                0x00000000080029f8                . = ALIGN (0x4)
                0x00000000080029f8                __preinit_array_start = .
 *(.preinit_array)
                0x00000000080029f8                __preinit_array_end = .
                0x00000000080029f8                . = ALIGN (0x4)
                0x00000000080029f8                __init_array_start = .
 *(SORT(.init_array.*))
 .init_array.00101
                0x00000000080029f8        0x4 /tmp/arduino/cores/54e0fbe7534a169f1b80445754ff33cf/core.a(main.cpp.o)
 *(.init_array)
 .init_array    0x00000000080029fc        0x4 /home/rustam/.arduino15/packages/arduino/tools/arm-none-eabi-gcc/4.8.3-2014q1/bin/../lib/gcc/arm-none-eabi/4.8.3/armv7-m/crtbegin.o
 .init_array    0x0000000008002a00        0x4 /tmp/arduino/sketches/BDAA1909B2769F757400EDF4F6E727D0/core/board.cpp.o
 .init_array    0x0000000008002a04        0x4 /tmp/arduino/cores/54e0fbe7534a169f1b80445754ff33cf/core.a(usb_serial.cpp.o)
                0x0000000008002a08                __init_array_end = .
                0x0000000008002a08                . = ALIGN (0x4)
 *crtbegin.o(.ctors)
 *(EXCLUDE_FILE(*crtend.o) .ctors)
 *(SORT(.ctors.*))
 *crtend.o(.ctors)
                0x0000000008002a08                . = ALIGN (0x4)
 *(.fini)
 .fini          0x0000000008002a08        0x4 /home/rustam/.arduino15/packages/arduino/tools/arm-none-eabi-gcc/4.8.3-2014q1/bin/../lib/gcc/arm-none-eabi/4.8.3/armv7-m/crti.o
                0x0000000008002a08                _fini
 .fini          0x0000000008002a0c        0x8 /home/rustam/.arduino15/packages/arduino/tools/arm-none-eabi-gcc/4.8.3-2014q1/bin/../lib/gcc/arm-none-eabi/4.8.3/armv7-m/crtn.o
                0x0000000008002a14                . = ALIGN (0x4)
                0x0000000008002a14                __fini_array_start = .
 *(.fini_array)
 .fini_array    0x0000000008002a14        0x4 /home/rustam/.arduino15/packages/arduino/tools/arm-none-eabi-gcc/4.8.3-2014q1/bin/../lib/gcc/arm-none-eabi/4.8.3/armv7-m/crtbegin.o
 *(SORT(.fini_array.*))
                0x0000000008002a18                __fini_array_end = .
 *crtbegin.o(.dtors)
 *(EXCLUDE_FILE(*crtend.o) .dtors)
 *(SORT(.dtors.*))
 *crtend.o(.dtors)

.v4_bx          0x0000000008002a18        0x0
 .v4_bx         0x0000000000000000        0x0 linker stubs

.iplt           0x0000000008002a18        0x0
 .iplt          0x0000000000000000        0x0 /home/rustam/.arduino15/packages/arduino/tools/arm-none-eabi-gcc/4.8.3-2014q1/bin/../lib/gcc/arm-none-eabi/4.8.3/armv7-m/crtbegin.o

.text.align     0x0000000008002a18        0x0
                0x0000000008002a18                . = ALIGN (0x8)
                0x0000000008002a18                __text_end__ = .
                0x0000000008002a18                __exidx_start = .

.ARM.exidx      0x0000000008002a18        0x8
 *(.ARM.exidx* .gnu.linkonce.armexidx.*)
 .ARM.exidx     0x0000000008002a18        0x8 /tmp/arduino/sketches/BDAA1909B2769F757400EDF4F6E727D0/core/wirish/start.S.o
                0x0000000008002a20                __exidx_end = .

.data           0x0000000020000000      0x468 load address 0x0000000008002a20
                0x0000000020000000                __data_start__ = .
                0x0000000020000000        0x4 LONG 0x0
                0x0000000020000008                . = ALIGN (0x8)
 *fill*         0x0000000020000004        0x4 
 *(.got.plt)
 *(.got)
 *(.data .data.* .gnu.linkonce.d.*)
 .data._ZN6wirish4privL8pll_dataE
                0x0000000020000008        0x4 /tmp/arduino/sketches/BDAA1909B2769F757400EDF4F6E727D0/core/wirish/boards_setup.cpp.o
 .data._ZN6wirish4priv9w_adc_smpE
                0x000000002000000c        0x1 /tmp/arduino/sketches/BDAA1909B2769F757400EDF4F6E727D0/core/wirish/boards_setup.cpp.o
                0x000000002000000c                wirish::priv::w_adc_smp
 *fill*         0x000000002000000d        0x1 
 .data._ZN6wirish4priv9w_adc_preE
                0x000000002000000e        0x2 /tmp/arduino/sketches/BDAA1909B2769F757400EDF4F6E727D0/core/wirish/boards_setup.cpp.o
                0x000000002000000e                wirish::priv::w_adc_pre
 .data._ZN6wirish4priv15w_board_pll_cfgE
                0x0000000020000010        0x8 /tmp/arduino/sketches/BDAA1909B2769F757400EDF4F6E727D0/core/wirish/boards_setup.cpp.o
                0x0000000020000010                wirish::priv::w_board_pll_cfg
 .data.adc2     0x0000000020000018        0x8 /tmp/arduino/cores/54e0fbe7534a169f1b80445754ff33cf/core.a(adc_f1.c.o)
                0x0000000020000018                adc2
 .data.adc1     0x0000000020000020       0x18 /tmp/arduino/cores/54e0fbe7534a169f1b80445754ff33cf/core.a(adc_f1.c.o)
                0x0000000020000020                adc1
 .data.ADC2     0x0000000020000038        0x4 /tmp/arduino/cores/54e0fbe7534a169f1b80445754ff33cf/core.a(adc_f1.c.o)
                0x0000000020000038                ADC2
 .data.ADC1     0x000000002000003c        0x4 /tmp/arduino/cores/54e0fbe7534a169f1b80445754ff33cf/core.a(adc_f1.c.o)
                0x000000002000003c                ADC1
 .data.dma1     0x0000000020000040       0x40 /tmp/arduino/cores/54e0fbe7534a169f1b80445754ff33cf/core.a(dma_f1.c.o)
 .data.DMA1     0x0000000020000080        0x4 /tmp/arduino/cores/54e0fbe7534a169f1b80445754ff33cf/core.a(dma_f1.c.o)
                0x0000000020000080                DMA1
 .data.gpioa    0x0000000020000084        0x8 /tmp/arduino/cores/54e0fbe7534a169f1b80445754ff33cf/core.a(gpio_f1.c.o)
                0x0000000020000084                gpioa
 .data.gpiob    0x000000002000008c        0x8 /tmp/arduino/cores/54e0fbe7534a169f1b80445754ff33cf/core.a(gpio_f1.c.o)
                0x000000002000008c                gpiob
 .data.gpioc    0x0000000020000094        0x8 /tmp/arduino/cores/54e0fbe7534a169f1b80445754ff33cf/core.a(gpio_f1.c.o)
                0x0000000020000094                gpioc
 .data.gpiod    0x000000002000009c        0x8 /tmp/arduino/cores/54e0fbe7534a169f1b80445754ff33cf/core.a(gpio_f1.c.o)
                0x000000002000009c                gpiod
 .data.i2c1     0x00000000200000a4       0x38 /tmp/arduino/cores/54e0fbe7534a169f1b80445754ff33cf/core.a(i2c_f1.c.o)
 .data.i2c2     0x00000000200000dc       0x38 /tmp/arduino/cores/54e0fbe7534a169f1b80445754ff33cf/core.a(i2c_f1.c.o)
 .data.enable_regs.4411
                0x0000000020000114        0xc /tmp/arduino/cores/54e0fbe7534a169f1b80445754ff33cf/core.a(rcc_f1.c.o)
 .data.reset_regs.4415
                0x0000000020000120        0x8 /tmp/arduino/cores/54e0fbe7534a169f1b80445754ff33cf/core.a(rcc_f1.c.o)
 .data.enable_regs.4424
                0x0000000020000128        0xc /tmp/arduino/cores/54e0fbe7534a169f1b80445754ff33cf/core.a(rcc_f1.c.o)
 .data.timer3   0x0000000020000134       0x24 /tmp/arduino/cores/54e0fbe7534a169f1b80445754ff33cf/core.a(timer.c.o)
                0x0000000020000134                timer3
 .data.timer4   0x0000000020000158       0x24 /tmp/arduino/cores/54e0fbe7534a169f1b80445754ff33cf/core.a(timer.c.o)
                0x0000000020000158                timer4
 .data.timer1   0x000000002000017c       0x28 /tmp/arduino/cores/54e0fbe7534a169f1b80445754ff33cf/core.a(timer.c.o)
                0x000000002000017c                timer1
 .data.timer2   0x00000000200001a4       0x24 /tmp/arduino/cores/54e0fbe7534a169f1b80445754ff33cf/core.a(timer.c.o)
                0x00000000200001a4                timer2
 .data.USART1   0x00000000200001c8        0x4 /tmp/arduino/cores/54e0fbe7534a169f1b80445754ff33cf/core.a(usart_f1.c.o)
                0x00000000200001c8                USART1
 .data.USART2   0x00000000200001cc        0x4 /tmp/arduino/cores/54e0fbe7534a169f1b80445754ff33cf/core.a(usart_f1.c.o)
                0x00000000200001cc                USART2
 .data.USART3   0x00000000200001d0        0x4 /tmp/arduino/cores/54e0fbe7534a169f1b80445754ff33cf/core.a(usart_f1.c.o)
                0x00000000200001d0                USART3
 .data.usart1   0x00000000200001d4       0x94 /tmp/arduino/cores/54e0fbe7534a169f1b80445754ff33cf/core.a(usart_f1.c.o)
 .data.usart2   0x0000000020000268       0x94 /tmp/arduino/cores/54e0fbe7534a169f1b80445754ff33cf/core.a(usart_f1.c.o)
 .data.usart3   0x00000000200002fc       0x94 /tmp/arduino/cores/54e0fbe7534a169f1b80445754ff33cf/core.a(usart_f1.c.o)
 .data.USBLIB   0x0000000020000390        0x4 /tmp/arduino/cores/54e0fbe7534a169f1b80445754ff33cf/core.a(usb.c.o)
                0x0000000020000390                USBLIB
 .data.usblib   0x0000000020000394       0x10 /tmp/arduino/cores/54e0fbe7534a169f1b80445754ff33cf/core.a(usb.c.o)
 .data.Config_Descriptor
                0x00000000200003a4        0x8 /tmp/arduino/cores/54e0fbe7534a169f1b80445754ff33cf/core.a(usb_cdcacm.c.o)
 .data.Device_Property
                0x00000000200003ac       0x30 /tmp/arduino/cores/54e0fbe7534a169f1b80445754ff33cf/core.a(usb_cdcacm.c.o)
                0x00000000200003ac                Device_Property
 .data.ep_int_in
                0x00000000200003dc       0x1c /tmp/arduino/cores/54e0fbe7534a169f1b80445754ff33cf/core.a(usb_cdcacm.c.o)
 .data.String_Descriptor
                0x00000000200003f8       0x18 /tmp/arduino/cores/54e0fbe7534a169f1b80445754ff33cf/core.a(usb_cdcacm.c.o)
 .data.ep_int_out
                0x0000000020000410       0x1c /tmp/arduino/cores/54e0fbe7534a169f1b80445754ff33cf/core.a(usb_cdcacm.c.o)
 .data.line_coding
                0x000000002000042c        0x7 /tmp/arduino/cores/54e0fbe7534a169f1b80445754ff33cf/core.a(usb_cdcacm.c.o)
 *fill*         0x0000000020000433        0x1 
 .data.User_Standard_Requests
                0x0000000020000434       0x24 /tmp/arduino/cores/54e0fbe7534a169f1b80445754ff33cf/core.a(usb_cdcacm.c.o)
                0x0000000020000434                User_Standard_Requests
 .data.Device_Descriptor
                0x0000000020000458        0x8 /tmp/arduino/cores/54e0fbe7534a169f1b80445754ff33cf/core.a(usb_cdcacm.c.o)
 .data.Device_Table
                0x0000000020000460        0x2 /tmp/arduino/cores/54e0fbe7534a169f1b80445754ff33cf/core.a(usb_cdcacm.c.o)
                0x0000000020000460                Device_Table
                0x0000000020000468                . = ALIGN (0x8)
 *fill*         0x0000000020000462        0x6 
                0x0000000020000468                __data_end__ = .

.jcr            0x0000000020000468        0x0 load address 0x0000000008002e88
 .jcr           0x0000000020000468        0x0 /home/rustam/.arduino15/packages/arduino/tools/arm-none-eabi-gcc/4.8.3-2014q1/bin/../lib/gcc/arm-none-eabi/4.8.3/armv7-m/crtbegin.o

.igot.plt       0x0000000020000468        0x0 load address 0x0000000008002e88
 .igot.plt      0x0000000000000000        0x0 /home/rustam/.arduino15/packages/arduino/tools/arm-none-eabi-gcc/4.8.3-2014q1/bin/../lib/gcc/arm-none-eabi/4.8.3/armv7-m/crtbegin.o

.rodata         0x0000000008002e88      0x374
 *(.rodata .rodata.* .gnu.linkonce.r.*)
 .rodata.PIN_MAP
                0x0000000008002e88      0x230 /tmp/arduino/sketches/BDAA1909B2769F757400EDF4F6E727D0/core/board.cpp.o
                0x0000000008002e88                PIN_MAP
 .rodata._ZTV14HardwareSerial
                0x00000000080030b8       0x28 /tmp/arduino/cores/54e0fbe7534a169f1b80445754ff33cf/core.a(HardwareSerial.cpp.o)
                0x00000000080030b8                vtable for HardwareSerial
 .rodata.GPIOC  0x00000000080030e0        0x4 /tmp/arduino/cores/54e0fbe7534a169f1b80445754ff33cf/core.a(gpio_f1.c.o)
                0x00000000080030e0                GPIOC
 .rodata.rcc_dev_table
                0x00000000080030e4       0x5c /tmp/arduino/cores/54e0fbe7534a169f1b80445754ff33cf/core.a(rcc_f1.c.o)
                0x00000000080030e4                rcc_dev_table
 .rodata.masks.4420
                0x0000000008003140       0x14 /tmp/arduino/cores/54e0fbe7534a169f1b80445754ff33cf/core.a(rcc_f1.c.o)
 .rodata.usbVcomDescriptor_iProduct
                0x0000000008003154        0xc /tmp/arduino/cores/54e0fbe7534a169f1b80445754ff33cf/core.a(usb_cdcacm.c.o)
 .rodata.usbVcomDescriptor_iManufacturer
                0x0000000008003160       0x12 /tmp/arduino/cores/54e0fbe7534a169f1b80445754ff33cf/core.a(usb_cdcacm.c.o)
 .rodata.usbVcomDescriptor_Device
                0x0000000008003172       0x12 /tmp/arduino/cores/54e0fbe7534a169f1b80445754ff33cf/core.a(usb_cdcacm.c.o)
 .rodata.usbVcomDescriptor_Config
                0x0000000008003184       0x43 /tmp/arduino/cores/54e0fbe7534a169f1b80445754ff33cf/core.a(usb_cdcacm.c.o)
 .rodata.usbVcomDescriptor_LangID
                0x00000000080031c7        0x4 /tmp/arduino/cores/54e0fbe7534a169f1b80445754ff33cf/core.a(usb_cdcacm.c.o)
 *fill*         0x00000000080031cb        0x5 
 .rodata._ZTV9USBSerial
                0x00000000080031d0       0x28 /tmp/arduino/cores/54e0fbe7534a169f1b80445754ff33cf/core.a(usb_serial.cpp.o)
                0x00000000080031d0                vtable for USBSerial
 *(.USER_FLASH)
                0x00000000080031f8                . = ALIGN (0x4)
                0x00000000080031f8                _lm_rom_img_cfgp = .
                0x00000000080031f8        0x4 LONG 0x8002a20 LOADADDR (.data)
                0x0000000020000818                _lm_heap_start = DEFINED (_lm_heap_start)?_lm_heap_start:_end
                0x0000000020005000                _lm_heap_end = DEFINED (_lm_heap_end)?_lm_heap_end:__msp_init

.rel.dyn        0x00000000080031fc        0x0
 .rel.iplt      0x0000000000000000        0x0 /home/rustam/.arduino15/packages/arduino/tools/arm-none-eabi-gcc/4.8.3-2014q1/bin/../lib/gcc/arm-none-eabi/4.8.3/armv7-m/crtbegin.o

.bss            0x0000000020000468      0x3b0
                0x0000000020000468                . = ALIGN (0x8)
                0x0000000020000468                __bss_start__ = .
 *(.bss .bss.* .gnu.linkonce.b.*)
 .bss           0x0000000020000468       0x1c /home/rustam/.arduino15/packages/arduino/tools/arm-none-eabi-gcc/4.8.3-2014q1/bin/../lib/gcc/arm-none-eabi/4.8.3/armv7-m/crtbegin.o
 .bss._ZL9my_array_
                0x0000000020000484        0x4 /tmp/arduino/sketches/BDAA1909B2769F757400EDF4F6E727D0/sketch/sketch_mar5a.ino.cpp.o
 .bss.Serial1   0x0000000020000488       0x18 /tmp/arduino/sketches/BDAA1909B2769F757400EDF4F6E727D0/core/board.cpp.o
                0x0000000020000488                Serial1
 .bss.Serial2   0x00000000200004a0       0x18 /tmp/arduino/sketches/BDAA1909B2769F757400EDF4F6E727D0/core/board.cpp.o
                0x00000000200004a0                Serial2
 .bss.Serial3   0x00000000200004b8       0x18 /tmp/arduino/sketches/BDAA1909B2769F757400EDF4F6E727D0/core/board.cpp.o
                0x00000000200004b8                Serial3
 .bss.exti_channels
                0x00000000200004d0       0x80 /tmp/arduino/cores/54e0fbe7534a169f1b80445754ff33cf/core.a(exti.c.o)
                0x00000000200004d0                exti_channels
 .bss.systick_user_callback
                0x0000000020000550        0x4 /tmp/arduino/cores/54e0fbe7534a169f1b80445754ff33cf/core.a(systick.c.o)
 .bss.usart1_wb
                0x0000000020000554        0xc /tmp/arduino/cores/54e0fbe7534a169f1b80445754ff33cf/core.a(usart_f1.c.o)
 .bss.usart1_rb
                0x0000000020000560        0xc /tmp/arduino/cores/54e0fbe7534a169f1b80445754ff33cf/core.a(usart_f1.c.o)
 .bss.usart2_rb
                0x000000002000056c        0xc /tmp/arduino/cores/54e0fbe7534a169f1b80445754ff33cf/core.a(usart_f1.c.o)
 .bss.usart3_rb
                0x0000000020000578        0xc /tmp/arduino/cores/54e0fbe7534a169f1b80445754ff33cf/core.a(usart_f1.c.o)
 .bss.usart2_wb
                0x0000000020000584        0xc /tmp/arduino/cores/54e0fbe7534a169f1b80445754ff33cf/core.a(usart_f1.c.o)
 .bss.usart3_wb
                0x0000000020000590        0xc /tmp/arduino/cores/54e0fbe7534a169f1b80445754ff33cf/core.a(usart_f1.c.o)
 .bss.line_dtr_rts
                0x000000002000059c        0x1 /tmp/arduino/cores/54e0fbe7534a169f1b80445754ff33cf/core.a(usb_cdcacm.c.o)
 .bss.vcomBufferTx
                0x000000002000059d      0x100 /tmp/arduino/cores/54e0fbe7534a169f1b80445754ff33cf/core.a(usb_cdcacm.c.o)
 *fill*         0x000000002000069d        0x3 
 .bss.tx_head   0x00000000200006a0        0x4 /tmp/arduino/cores/54e0fbe7534a169f1b80445754ff33cf/core.a(usb_cdcacm.c.o)
 .bss.rx_hook   0x00000000200006a4        0x4 /tmp/arduino/cores/54e0fbe7534a169f1b80445754ff33cf/core.a(usb_cdcacm.c.o)
 .bss.vcomBufferRx
                0x00000000200006a8      0x100 /tmp/arduino/cores/54e0fbe7534a169f1b80445754ff33cf/core.a(usb_cdcacm.c.o)
 .bss.transmitting
                0x00000000200007a8        0x1 /tmp/arduino/cores/54e0fbe7534a169f1b80445754ff33cf/core.a(usb_cdcacm.c.o)
 *fill*         0x00000000200007a9        0x3 
 .bss.rx_tail   0x00000000200007ac        0x4 /tmp/arduino/cores/54e0fbe7534a169f1b80445754ff33cf/core.a(usb_cdcacm.c.o)
 .bss.iface_setup_hook
                0x00000000200007b0        0x4 /tmp/arduino/cores/54e0fbe7534a169f1b80445754ff33cf/core.a(usb_cdcacm.c.o)
 .bss.rx_head   0x00000000200007b4        0x4 /tmp/arduino/cores/54e0fbe7534a169f1b80445754ff33cf/core.a(usb_cdcacm.c.o)
 .bss.tx_tail   0x00000000200007b8        0x4 /tmp/arduino/cores/54e0fbe7534a169f1b80445754ff33cf/core.a(usb_cdcacm.c.o)
 .bss.Data_Mul_MaxPacketSize
                0x00000000200007bc        0x1 /tmp/arduino/cores/54e0fbe7534a169f1b80445754ff33cf/core.a(usb_core.c.o)
                0x00000000200007bc                Data_Mul_MaxPacketSize
 .bss._ZN9USBSerial9_hasBegunE
                0x00000000200007bd        0x1 /tmp/arduino/cores/54e0fbe7534a169f1b80445754ff33cf/core.a(usb_serial.cpp.o)
                0x00000000200007bd                USBSerial::_hasBegun
 *fill*         0x00000000200007be        0x2 
 .bss.Serial    0x00000000200007c0       0x10 /tmp/arduino/cores/54e0fbe7534a169f1b80445754ff33cf/core.a(usb_serial.cpp.o)
                0x00000000200007c0                Serial
 .bss._ZL11reset_state
                0x00000000200007d0        0x1 /tmp/arduino/cores/54e0fbe7534a169f1b80445754ff33cf/core.a(usb_serial.cpp.o)
 .bss._ZN9USBSerial11_isBlockingE
                0x00000000200007d1        0x1 /tmp/arduino/cores/54e0fbe7534a169f1b80445754ff33cf/core.a(usb_serial.cpp.o)
                0x00000000200007d1                USBSerial::_isBlocking
 *(COMMON)
 *fill*         0x00000000200007d2        0x2 
 COMMON         0x00000000200007d4        0x4 /tmp/arduino/cores/54e0fbe7534a169f1b80445754ff33cf/core.a(systick.c.o)
                0x00000000200007d4                systick_uptime_millis
 COMMON         0x00000000200007d8        0x6 /tmp/arduino/cores/54e0fbe7534a169f1b80445754ff33cf/core.a(usb.c.o)
                0x00000000200007d8                SaveRState
                0x00000000200007da                SaveTState
                0x00000000200007dc                ResumeS
 COMMON         0x00000000200007de        0x2 /tmp/arduino/cores/54e0fbe7534a169f1b80445754ff33cf/core.a(usb_core.c.o)
                0x00000000200007de                StatusInfo
 COMMON         0x00000000200007e0       0x32 /tmp/arduino/cores/54e0fbe7534a169f1b80445754ff33cf/core.a(usb_init.c.o)
                0x00000000200007e0                SaveState
                0x00000000200007e4                pProperty
                0x00000000200007e8                EPindex
                0x00000000200007ec                Device_Info
                0x0000000020000808                pUser_Standard_Requests
                0x000000002000080c                pInformation
                0x0000000020000810                wInterrupt_Mask
                0x0000000020000818                . = ALIGN (0x8)
 *fill*         0x0000000020000812        0x6 
                0x0000000020000818                __bss_end__ = .
                0x0000000020000818                _end = __bss_end__

.stab
 *(.stab)

.stabstr
 *(.stabstr)

.debug
 *(.debug)

.line
 *(.line)

.debug_srcinfo
 *(.debug_srcinfo)

.debug_sfnames
 *(.debug_sfnames)

.debug_aranges  0x0000000000000000      0xfd0
 *(.debug_aranges)
 .debug_aranges
                0x0000000000000000       0x28 /tmp/arduino/sketches/BDAA1909B2769F757400EDF4F6E727D0/sketch/sketch_mar5a.ino.cpp.o
 .debug_aranges
                0x0000000000000028       0x28 /tmp/arduino/sketches/BDAA1909B2769F757400EDF4F6E727D0/core/board.cpp.o
 .debug_aranges
                0x0000000000000050       0x40 /tmp/arduino/sketches/BDAA1909B2769F757400EDF4F6E727D0/core/wirish/boards.cpp.o
 .debug_aranges
                0x0000000000000090       0x40 /tmp/arduino/sketches/BDAA1909B2769F757400EDF4F6E727D0/core/wirish/boards_setup.cpp.o
 .debug_aranges
                0x00000000000000d0       0x20 /tmp/arduino/sketches/BDAA1909B2769F757400EDF4F6E727D0/core/wirish/start.S.o
 .debug_aranges
                0x00000000000000f0       0x20 /tmp/arduino/sketches/BDAA1909B2769F757400EDF4F6E727D0/core/wirish/start_c.c.o
 .debug_aranges
                0x0000000000000110       0x88 /tmp/arduino/sketches/BDAA1909B2769F757400EDF4F6E727D0/core/wirish/syscalls.c.o
 .debug_aranges
                0x0000000000000198       0x70 /tmp/arduino/cores/54e0fbe7534a169f1b80445754ff33cf/core.a(HardwareSerial.cpp.o)
 .debug_aranges
                0x0000000000000208      0x110 /tmp/arduino/cores/54e0fbe7534a169f1b80445754ff33cf/core.a(Print.cpp.o)
 .debug_aranges
                0x0000000000000318       0x28 /tmp/arduino/cores/54e0fbe7534a169f1b80445754ff33cf/core.a(cxxabi-compat.cpp.o)
 .debug_aranges
                0x0000000000000340       0x38 /tmp/arduino/cores/54e0fbe7534a169f1b80445754ff33cf/core.a(adc.c.o)
 .debug_aranges
                0x0000000000000378       0x58 /tmp/arduino/cores/54e0fbe7534a169f1b80445754ff33cf/core.a(adc_f1.c.o)
 .debug_aranges
                0x00000000000003d0       0xb0 /tmp/arduino/cores/54e0fbe7534a169f1b80445754ff33cf/core.a(dma_f1.c.o)
 .debug_aranges
                0x0000000000000480       0x20 /tmp/arduino/cores/54e0fbe7534a169f1b80445754ff33cf/core.a(exc.S.o)
 .debug_aranges
                0x00000000000004a0       0x80 /tmp/arduino/cores/54e0fbe7534a169f1b80445754ff33cf/core.a(exti.c.o)
 .debug_aranges
                0x0000000000000520       0x20 /tmp/arduino/cores/54e0fbe7534a169f1b80445754ff33cf/core.a(exti_f1.c.o)
 .debug_aranges
                0x0000000000000540       0x20 /tmp/arduino/cores/54e0fbe7534a169f1b80445754ff33cf/core.a(flash.c.o)
 .debug_aranges
                0x0000000000000560       0x48 /tmp/arduino/cores/54e0fbe7534a169f1b80445754ff33cf/core.a(gpio_f1.c.o)
 .debug_aranges
                0x00000000000005a8       0x50 /tmp/arduino/cores/54e0fbe7534a169f1b80445754ff33cf/core.a(i2c_f1.c.o)
 .debug_aranges
                0x00000000000005f8       0x38 /tmp/arduino/cores/54e0fbe7534a169f1b80445754ff33cf/core.a(nvic.c.o)
 .debug_aranges
                0x0000000000000630       0x48 /tmp/arduino/cores/54e0fbe7534a169f1b80445754ff33cf/core.a(rcc.c.o)
 .debug_aranges
                0x0000000000000678       0x48 /tmp/arduino/cores/54e0fbe7534a169f1b80445754ff33cf/core.a(rcc_f1.c.o)
 .debug_aranges
                0x00000000000006c0       0x20 /tmp/arduino/cores/54e0fbe7534a169f1b80445754ff33cf/core.a(isrs.S.o)
 .debug_aranges
                0x00000000000006e0       0x40 /tmp/arduino/cores/54e0fbe7534a169f1b80445754ff33cf/core.a(systick.c.o)
 .debug_aranges
                0x0000000000000720       0xb0 /tmp/arduino/cores/54e0fbe7534a169f1b80445754ff33cf/core.a(timer.c.o)
 .debug_aranges
                0x00000000000007d0       0x48 /tmp/arduino/cores/54e0fbe7534a169f1b80445754ff33cf/core.a(usart.c.o)
 .debug_aranges
                0x0000000000000818       0x50 /tmp/arduino/cores/54e0fbe7534a169f1b80445754ff33cf/core.a(usart_f1.c.o)
 .debug_aranges
                0x0000000000000868       0x20 /tmp/arduino/cores/54e0fbe7534a169f1b80445754ff33cf/core.a(usart_private.c.o)
 .debug_aranges
                0x0000000000000888       0x38 /tmp/arduino/cores/54e0fbe7534a169f1b80445754ff33cf/core.a(usb.c.o)
 .debug_aranges
                0x00000000000008c0      0x128 /tmp/arduino/cores/54e0fbe7534a169f1b80445754ff33cf/core.a(usb_cdcacm.c.o)
 .debug_aranges
                0x00000000000009e8       0x20 /tmp/arduino/cores/54e0fbe7534a169f1b80445754ff33cf/core.a(usb_reg_map.c.o)
 .debug_aranges
                0x0000000000000a08       0x98 /tmp/arduino/cores/54e0fbe7534a169f1b80445754ff33cf/core.a(usb_core.c.o)
 .debug_aranges
                0x0000000000000aa0       0x20 /tmp/arduino/cores/54e0fbe7534a169f1b80445754ff33cf/core.a(usb_init.c.o)
 .debug_aranges
                0x0000000000000ac0       0x28 /tmp/arduino/cores/54e0fbe7534a169f1b80445754ff33cf/core.a(usb_mem.c.o)
 .debug_aranges
                0x0000000000000ae8      0x1f0 /tmp/arduino/cores/54e0fbe7534a169f1b80445754ff33cf/core.a(usb_regs.c.o)
 .debug_aranges
                0x0000000000000cd8       0x50 /tmp/arduino/cores/54e0fbe7534a169f1b80445754ff33cf/core.a(util.c.o)
 .debug_aranges
                0x0000000000000d28       0x28 /tmp/arduino/cores/54e0fbe7534a169f1b80445754ff33cf/core.a(main.cpp.o)
 .debug_aranges
                0x0000000000000d50       0x20 /tmp/arduino/cores/54e0fbe7534a169f1b80445754ff33cf/core.a(wirish_digital_f1.cpp.o)
 .debug_aranges
                0x0000000000000d70       0xd8 /tmp/arduino/cores/54e0fbe7534a169f1b80445754ff33cf/core.a(usb_serial.cpp.o)
 .debug_aranges
                0x0000000000000e48       0x28 /tmp/arduino/cores/54e0fbe7534a169f1b80445754ff33cf/core.a(wirish_digital.cpp.o)
 .debug_aranges
                0x0000000000000e70       0x30 /tmp/arduino/cores/54e0fbe7534a169f1b80445754ff33cf/core.a(wirish_time.cpp.o)
 .debug_aranges
                0x0000000000000ea0       0x20 /tmp/arduino/cores/54e0fbe7534a169f1b80445754ff33cf/core.a(hooks.c.o)
 .debug_aranges
                0x0000000000000ec0       0x40 /tmp/arduino/cores/54e0fbe7534a169f1b80445754ff33cf/core.a(bkp_f1.c.o)
 .debug_aranges
                0x0000000000000f00       0x28 /tmp/arduino/cores/54e0fbe7534a169f1b80445754ff33cf/core.a(dma.c.o)
 .debug_aranges
                0x0000000000000f28       0x20 /tmp/arduino/cores/54e0fbe7534a169f1b80445754ff33cf/core.a(gpio.c.o)
 .debug_aranges
                0x0000000000000f48       0x88 /tmp/arduino/cores/54e0fbe7534a169f1b80445754ff33cf/core.a(i2c.c.o)

.debug_pubnames
 *(.debug_pubnames)

.debug_info     0x0000000000000000    0x202e8
 *(.debug_info .gnu.linkonce.wi.*)
 .debug_info    0x0000000000000000      0x345 /tmp/arduino/sketches/BDAA1909B2769F757400EDF4F6E727D0/sketch/sketch_mar5a.ino.cpp.o
 .debug_info    0x0000000000000345      0xf2e /tmp/arduino/sketches/BDAA1909B2769F757400EDF4F6E727D0/core/board.cpp.o
 .debug_info    0x0000000000001273     0x142d /tmp/arduino/sketches/BDAA1909B2769F757400EDF4F6E727D0/core/wirish/boards.cpp.o
 .debug_info    0x00000000000026a0     0x10c5 /tmp/arduino/sketches/BDAA1909B2769F757400EDF4F6E727D0/core/wirish/boards_setup.cpp.o
 .debug_info    0x0000000000003765       0xb9 /tmp/arduino/sketches/BDAA1909B2769F757400EDF4F6E727D0/core/wirish/start.S.o
 .debug_info    0x000000000000381e      0x14d /tmp/arduino/sketches/BDAA1909B2769F757400EDF4F6E727D0/core/wirish/start_c.c.o
 .debug_info    0x000000000000396b      0x5cd /tmp/arduino/sketches/BDAA1909B2769F757400EDF4F6E727D0/core/wirish/syscalls.c.o
 .debug_info    0x0000000000003f38     0x29ea /tmp/arduino/cores/54e0fbe7534a169f1b80445754ff33cf/core.a(HardwareSerial.cpp.o)
 .debug_info    0x0000000000006922     0x258c /tmp/arduino/cores/54e0fbe7534a169f1b80445754ff33cf/core.a(Print.cpp.o)
 .debug_info    0x0000000000008eae      0x526 /tmp/arduino/cores/54e0fbe7534a169f1b80445754ff33cf/core.a(cxxabi-compat.cpp.o)
 .debug_info    0x00000000000093d4      0x79a /tmp/arduino/cores/54e0fbe7534a169f1b80445754ff33cf/core.a(adc.c.o)
 .debug_info    0x0000000000009b6e      0xe4a /tmp/arduino/cores/54e0fbe7534a169f1b80445754ff33cf/core.a(adc_f1.c.o)
 .debug_info    0x000000000000a9b8     0x18b1 /tmp/arduino/cores/54e0fbe7534a169f1b80445754ff33cf/core.a(dma_f1.c.o)
 .debug_info    0x000000000000c269       0xa9 /tmp/arduino/cores/54e0fbe7534a169f1b80445754ff33cf/core.a(exc.S.o)
 .debug_info    0x000000000000c312      0xd3c /tmp/arduino/cores/54e0fbe7534a169f1b80445754ff33cf/core.a(exti.c.o)
 .debug_info    0x000000000000d04e      0x213 /tmp/arduino/cores/54e0fbe7534a169f1b80445754ff33cf/core.a(exti_f1.c.o)
 .debug_info    0x000000000000d261      0x128 /tmp/arduino/cores/54e0fbe7534a169f1b80445754ff33cf/core.a(flash.c.o)
 .debug_info    0x000000000000d389      0x715 /tmp/arduino/cores/54e0fbe7534a169f1b80445754ff33cf/core.a(gpio_f1.c.o)
 .debug_info    0x000000000000da9e      0xc25 /tmp/arduino/cores/54e0fbe7534a169f1b80445754ff33cf/core.a(i2c_f1.c.o)
 .debug_info    0x000000000000e6c3      0x5a2 /tmp/arduino/cores/54e0fbe7534a169f1b80445754ff33cf/core.a(nvic.c.o)
 .debug_info    0x000000000000ec65      0x556 /tmp/arduino/cores/54e0fbe7534a169f1b80445754ff33cf/core.a(rcc.c.o)
 .debug_info    0x000000000000f1bb      0xb64 /tmp/arduino/cores/54e0fbe7534a169f1b80445754ff33cf/core.a(rcc_f1.c.o)
 .debug_info    0x000000000000fd1f       0xbe /tmp/arduino/cores/54e0fbe7534a169f1b80445754ff33cf/core.a(isrs.S.o)
 .debug_info    0x000000000000fddd      0x182 /tmp/arduino/cores/54e0fbe7534a169f1b80445754ff33cf/core.a(systick.c.o)
 .debug_info    0x000000000000ff5f     0x197d /tmp/arduino/cores/54e0fbe7534a169f1b80445754ff33cf/core.a(timer.c.o)
 .debug_info    0x00000000000118dc      0xc32 /tmp/arduino/cores/54e0fbe7534a169f1b80445754ff33cf/core.a(usart.c.o)
 .debug_info    0x000000000001250e      0xb89 /tmp/arduino/cores/54e0fbe7534a169f1b80445754ff33cf/core.a(usart_f1.c.o)
 .debug_info    0x0000000000013097      0x595 /tmp/arduino/cores/54e0fbe7534a169f1b80445754ff33cf/core.a(usart_private.c.o)
 .debug_info    0x000000000001362c      0xd16 /tmp/arduino/cores/54e0fbe7534a169f1b80445754ff33cf/core.a(usb.c.o)
 .debug_info    0x0000000000014342     0x22d2 /tmp/arduino/cores/54e0fbe7534a169f1b80445754ff33cf/core.a(usb_cdcacm.c.o)
 .debug_info    0x0000000000016614      0x26c /tmp/arduino/cores/54e0fbe7534a169f1b80445754ff33cf/core.a(usb_reg_map.c.o)
 .debug_info    0x0000000000016880      0xddf /tmp/arduino/cores/54e0fbe7534a169f1b80445754ff33cf/core.a(usb_core.c.o)
 .debug_info    0x000000000001765f      0x3ed /tmp/arduino/cores/54e0fbe7534a169f1b80445754ff33cf/core.a(usb_init.c.o)
 .debug_info    0x0000000000017a4c      0x183 /tmp/arduino/cores/54e0fbe7534a169f1b80445754ff33cf/core.a(usb_mem.c.o)
 .debug_info    0x0000000000017bcf      0xc88 /tmp/arduino/cores/54e0fbe7534a169f1b80445754ff33cf/core.a(usb_regs.c.o)
 .debug_info    0x0000000000018857      0xad2 /tmp/arduino/cores/54e0fbe7534a169f1b80445754ff33cf/core.a(util.c.o)
 .debug_info    0x0000000000019329       0x99 /tmp/arduino/cores/54e0fbe7534a169f1b80445754ff33cf/core.a(main.cpp.o)
 .debug_info    0x00000000000193c2      0xc8a /tmp/arduino/cores/54e0fbe7534a169f1b80445754ff33cf/core.a(wirish_digital_f1.cpp.o)
 .debug_info    0x000000000001a04c     0x2afa /tmp/arduino/cores/54e0fbe7534a169f1b80445754ff33cf/core.a(usb_serial.cpp.o)
 .debug_info    0x000000000001cb46      0xb0b /tmp/arduino/cores/54e0fbe7534a169f1b80445754ff33cf/core.a(wirish_digital.cpp.o)
 .debug_info    0x000000000001d651      0x2be /tmp/arduino/cores/54e0fbe7534a169f1b80445754ff33cf/core.a(wirish_time.cpp.o)
 .debug_info    0x000000000001d90f       0x33 /tmp/arduino/cores/54e0fbe7534a169f1b80445754ff33cf/core.a(hooks.c.o)
 .debug_info    0x000000000001d942      0x4ca /tmp/arduino/cores/54e0fbe7534a169f1b80445754ff33cf/core.a(bkp_f1.c.o)
 .debug_info    0x000000000001de0c      0x6f7 /tmp/arduino/cores/54e0fbe7534a169f1b80445754ff33cf/core.a(dma.c.o)
 .debug_info    0x000000000001e503      0x313 /tmp/arduino/cores/54e0fbe7534a169f1b80445754ff33cf/core.a(gpio.c.o)
 .debug_info    0x000000000001e816     0x1ad2 /tmp/arduino/cores/54e0fbe7534a169f1b80445754ff33cf/core.a(i2c.c.o)

.debug_abbrev   0x0000000000000000     0x6225
 *(.debug_abbrev)
 .debug_abbrev  0x0000000000000000      0x14a /tmp/arduino/sketches/BDAA1909B2769F757400EDF4F6E727D0/sketch/sketch_mar5a.ino.cpp.o
 .debug_abbrev  0x000000000000014a      0x1ea /tmp/arduino/sketches/BDAA1909B2769F757400EDF4F6E727D0/core/board.cpp.o
 .debug_abbrev  0x0000000000000334      0x3dd /tmp/arduino/sketches/BDAA1909B2769F757400EDF4F6E727D0/core/wirish/boards.cpp.o
 .debug_abbrev  0x0000000000000711      0x2af /tmp/arduino/sketches/BDAA1909B2769F757400EDF4F6E727D0/core/wirish/boards_setup.cpp.o
 .debug_abbrev  0x00000000000009c0       0x14 /tmp/arduino/sketches/BDAA1909B2769F757400EDF4F6E727D0/core/wirish/start.S.o
 .debug_abbrev  0x00000000000009d4       0xfd /tmp/arduino/sketches/BDAA1909B2769F757400EDF4F6E727D0/core/wirish/start_c.c.o
 .debug_abbrev  0x0000000000000ad1      0x17e /tmp/arduino/sketches/BDAA1909B2769F757400EDF4F6E727D0/core/wirish/syscalls.c.o
 .debug_abbrev  0x0000000000000c4f      0x535 /tmp/arduino/cores/54e0fbe7534a169f1b80445754ff33cf/core.a(HardwareSerial.cpp.o)
 .debug_abbrev  0x0000000000001184      0x414 /tmp/arduino/cores/54e0fbe7534a169f1b80445754ff33cf/core.a(Print.cpp.o)
 .debug_abbrev  0x0000000000001598      0x163 /tmp/arduino/cores/54e0fbe7534a169f1b80445754ff33cf/core.a(cxxabi-compat.cpp.o)
 .debug_abbrev  0x00000000000016fb      0x20b /tmp/arduino/cores/54e0fbe7534a169f1b80445754ff33cf/core.a(adc.c.o)
 .debug_abbrev  0x0000000000001906      0x2e6 /tmp/arduino/cores/54e0fbe7534a169f1b80445754ff33cf/core.a(adc_f1.c.o)
 .debug_abbrev  0x0000000000001bec      0x3e9 /tmp/arduino/cores/54e0fbe7534a169f1b80445754ff33cf/core.a(dma_f1.c.o)
 .debug_abbrev  0x0000000000001fd5       0x14 /tmp/arduino/cores/54e0fbe7534a169f1b80445754ff33cf/core.a(exc.S.o)
 .debug_abbrev  0x0000000000001fe9      0x286 /tmp/arduino/cores/54e0fbe7534a169f1b80445754ff33cf/core.a(exti.c.o)
 .debug_abbrev  0x000000000000226f       0xdb /tmp/arduino/cores/54e0fbe7534a169f1b80445754ff33cf/core.a(exti_f1.c.o)
 .debug_abbrev  0x000000000000234a       0x9f /tmp/arduino/cores/54e0fbe7534a169f1b80445754ff33cf/core.a(flash.c.o)
 .debug_abbrev  0x00000000000023e9      0x191 /tmp/arduino/cores/54e0fbe7534a169f1b80445754ff33cf/core.a(gpio_f1.c.o)
 .debug_abbrev  0x000000000000257a      0x20b /tmp/arduino/cores/54e0fbe7534a169f1b80445754ff33cf/core.a(i2c_f1.c.o)
 .debug_abbrev  0x0000000000002785      0x1ac /tmp/arduino/cores/54e0fbe7534a169f1b80445754ff33cf/core.a(nvic.c.o)
 .debug_abbrev  0x0000000000002931      0x17f /tmp/arduino/cores/54e0fbe7534a169f1b80445754ff33cf/core.a(rcc.c.o)
 .debug_abbrev  0x0000000000002ab0      0x28c /tmp/arduino/cores/54e0fbe7534a169f1b80445754ff33cf/core.a(rcc_f1.c.o)
 .debug_abbrev  0x0000000000002d3c       0x14 /tmp/arduino/cores/54e0fbe7534a169f1b80445754ff33cf/core.a(isrs.S.o)
 .debug_abbrev  0x0000000000002d50      0x10f /tmp/arduino/cores/54e0fbe7534a169f1b80445754ff33cf/core.a(systick.c.o)
 .debug_abbrev  0x0000000000002e5f      0x4c8 /tmp/arduino/cores/54e0fbe7534a169f1b80445754ff33cf/core.a(timer.c.o)
 .debug_abbrev  0x0000000000003327      0x2ff /tmp/arduino/cores/54e0fbe7534a169f1b80445754ff33cf/core.a(usart.c.o)
 .debug_abbrev  0x0000000000003626      0x2ad /tmp/arduino/cores/54e0fbe7534a169f1b80445754ff33cf/core.a(usart_f1.c.o)
 .debug_abbrev  0x00000000000038d3      0x144 /tmp/arduino/cores/54e0fbe7534a169f1b80445754ff33cf/core.a(usart_private.c.o)
 .debug_abbrev  0x0000000000003a17      0x352 /tmp/arduino/cores/54e0fbe7534a169f1b80445754ff33cf/core.a(usb.c.o)
 .debug_abbrev  0x0000000000003d69      0x47d /tmp/arduino/cores/54e0fbe7534a169f1b80445754ff33cf/core.a(usb_cdcacm.c.o)
 .debug_abbrev  0x00000000000041e6      0x193 /tmp/arduino/cores/54e0fbe7534a169f1b80445754ff33cf/core.a(usb_reg_map.c.o)
 .debug_abbrev  0x0000000000004379      0x3a6 /tmp/arduino/cores/54e0fbe7534a169f1b80445754ff33cf/core.a(usb_core.c.o)
 .debug_abbrev  0x000000000000471f      0x101 /tmp/arduino/cores/54e0fbe7534a169f1b80445754ff33cf/core.a(usb_init.c.o)
 .debug_abbrev  0x0000000000004820       0xa6 /tmp/arduino/cores/54e0fbe7534a169f1b80445754ff33cf/core.a(usb_mem.c.o)
 .debug_abbrev  0x00000000000048c6      0x1f3 /tmp/arduino/cores/54e0fbe7534a169f1b80445754ff33cf/core.a(usb_regs.c.o)
 .debug_abbrev  0x0000000000004ab9      0x2cb /tmp/arduino/cores/54e0fbe7534a169f1b80445754ff33cf/core.a(util.c.o)
 .debug_abbrev  0x0000000000004d84       0x7b /tmp/arduino/cores/54e0fbe7534a169f1b80445754ff33cf/core.a(main.cpp.o)
 .debug_abbrev  0x0000000000004dff      0x240 /tmp/arduino/cores/54e0fbe7534a169f1b80445754ff33cf/core.a(wirish_digital_f1.cpp.o)
 .debug_abbrev  0x000000000000503f      0x635 /tmp/arduino/cores/54e0fbe7534a169f1b80445754ff33cf/core.a(usb_serial.cpp.o)
 .debug_abbrev  0x0000000000005674      0x17e /tmp/arduino/cores/54e0fbe7534a169f1b80445754ff33cf/core.a(wirish_digital.cpp.o)
 .debug_abbrev  0x00000000000057f2      0x187 /tmp/arduino/cores/54e0fbe7534a169f1b80445754ff33cf/core.a(wirish_time.cpp.o)
 .debug_abbrev  0x0000000000005979       0x26 /tmp/arduino/cores/54e0fbe7534a169f1b80445754ff33cf/core.a(hooks.c.o)
 .debug_abbrev  0x000000000000599f      0x1c4 /tmp/arduino/cores/54e0fbe7534a169f1b80445754ff33cf/core.a(bkp_f1.c.o)
 .debug_abbrev  0x0000000000005b63      0x182 /tmp/arduino/cores/54e0fbe7534a169f1b80445754ff33cf/core.a(dma.c.o)
 .debug_abbrev  0x0000000000005ce5      0x113 /tmp/arduino/cores/54e0fbe7534a169f1b80445754ff33cf/core.a(gpio.c.o)
 .debug_abbrev  0x0000000000005df8      0x42d /tmp/arduino/cores/54e0fbe7534a169f1b80445754ff33cf/core.a(i2c.c.o)

.debug_line     0x0000000000000000     0x9f70
 *(.debug_line)
 .debug_line    0x0000000000000000      0x343 /tmp/arduino/sketches/BDAA1909B2769F757400EDF4F6E727D0/sketch/sketch_mar5a.ino.cpp.o
 .debug_line    0x0000000000000343      0x3ef /tmp/arduino/sketches/BDAA1909B2769F757400EDF4F6E727D0/core/board.cpp.o
 .debug_line    0x0000000000000732      0x475 /tmp/arduino/sketches/BDAA1909B2769F757400EDF4F6E727D0/core/wirish/boards.cpp.o
 .debug_line    0x0000000000000ba7      0x459 /tmp/arduino/sketches/BDAA1909B2769F757400EDF4F6E727D0/core/wirish/boards_setup.cpp.o
 .debug_line    0x0000000000001000       0xa6 /tmp/arduino/sketches/BDAA1909B2769F757400EDF4F6E727D0/core/wirish/start.S.o
 .debug_line    0x00000000000010a6       0xb4 /tmp/arduino/sketches/BDAA1909B2769F757400EDF4F6E727D0/core/wirish/start_c.c.o
 .debug_line    0x000000000000115a      0x2de /tmp/arduino/sketches/BDAA1909B2769F757400EDF4F6E727D0/core/wirish/syscalls.c.o
 .debug_line    0x0000000000001438      0x503 /tmp/arduino/cores/54e0fbe7534a169f1b80445754ff33cf/core.a(HardwareSerial.cpp.o)
 .debug_line    0x000000000000193b      0x57f /tmp/arduino/cores/54e0fbe7534a169f1b80445754ff33cf/core.a(Print.cpp.o)
 .debug_line    0x0000000000001eba      0x231 /tmp/arduino/cores/54e0fbe7534a169f1b80445754ff33cf/core.a(cxxabi-compat.cpp.o)
 .debug_line    0x00000000000020eb      0x2fa /tmp/arduino/cores/54e0fbe7534a169f1b80445754ff33cf/core.a(adc.c.o)
 .debug_line    0x00000000000023e5      0x3a6 /tmp/arduino/cores/54e0fbe7534a169f1b80445754ff33cf/core.a(adc_f1.c.o)
 .debug_line    0x000000000000278b      0x61d /tmp/arduino/cores/54e0fbe7534a169f1b80445754ff33cf/core.a(dma_f1.c.o)
 .debug_line    0x0000000000002da8       0xa9 /tmp/arduino/cores/54e0fbe7534a169f1b80445754ff33cf/core.a(exc.S.o)
 .debug_line    0x0000000000002e51      0x3d3 /tmp/arduino/cores/54e0fbe7534a169f1b80445754ff33cf/core.a(exti.c.o)
 .debug_line    0x0000000000003224      0x2ee /tmp/arduino/cores/54e0fbe7534a169f1b80445754ff33cf/core.a(exti_f1.c.o)
 .debug_line    0x0000000000003512      0x27c /tmp/arduino/cores/54e0fbe7534a169f1b80445754ff33cf/core.a(flash.c.o)
 .debug_line    0x000000000000378e      0x325 /tmp/arduino/cores/54e0fbe7534a169f1b80445754ff33cf/core.a(gpio_f1.c.o)
 .debug_line    0x0000000000003ab3      0x3fb /tmp/arduino/cores/54e0fbe7534a169f1b80445754ff33cf/core.a(i2c_f1.c.o)
 .debug_line    0x0000000000003eae      0x2e4 /tmp/arduino/cores/54e0fbe7534a169f1b80445754ff33cf/core.a(nvic.c.o)
 .debug_line    0x0000000000004192      0x36f /tmp/arduino/cores/54e0fbe7534a169f1b80445754ff33cf/core.a(rcc.c.o)
 .debug_line    0x0000000000004501      0x3bc /tmp/arduino/cores/54e0fbe7534a169f1b80445754ff33cf/core.a(rcc_f1.c.o)
 .debug_line    0x00000000000048bd       0xa6 /tmp/arduino/cores/54e0fbe7534a169f1b80445754ff33cf/core.a(isrs.S.o)
 .debug_line    0x0000000000004963      0x25c /tmp/arduino/cores/54e0fbe7534a169f1b80445754ff33cf/core.a(systick.c.o)
 .debug_line    0x0000000000004bbf      0x5cf /tmp/arduino/cores/54e0fbe7534a169f1b80445754ff33cf/core.a(timer.c.o)
 .debug_line    0x000000000000518e      0x412 /tmp/arduino/cores/54e0fbe7534a169f1b80445754ff33cf/core.a(usart.c.o)
 .debug_line    0x00000000000055a0      0x40c /tmp/arduino/cores/54e0fbe7534a169f1b80445754ff33cf/core.a(usart_f1.c.o)
 .debug_line    0x00000000000059ac      0x2b8 /tmp/arduino/cores/54e0fbe7534a169f1b80445754ff33cf/core.a(usart_private.c.o)
 .debug_line    0x0000000000005c64      0x4d4 /tmp/arduino/cores/54e0fbe7534a169f1b80445754ff33cf/core.a(usb.c.o)
 .debug_line    0x0000000000006138      0x8de /tmp/arduino/cores/54e0fbe7534a169f1b80445754ff33cf/core.a(usb_cdcacm.c.o)
 .debug_line    0x0000000000006a16      0x2af /tmp/arduino/cores/54e0fbe7534a169f1b80445754ff33cf/core.a(usb_reg_map.c.o)
 .debug_line    0x0000000000006cc5      0x415 /tmp/arduino/cores/54e0fbe7534a169f1b80445754ff33cf/core.a(usb_core.c.o)
 .debug_line    0x00000000000070da      0x12a /tmp/arduino/cores/54e0fbe7534a169f1b80445754ff33cf/core.a(usb_init.c.o)
 .debug_line    0x0000000000007204      0x164 /tmp/arduino/cores/54e0fbe7534a169f1b80445754ff33cf/core.a(usb_mem.c.o)
 .debug_line    0x0000000000007368      0x58e /tmp/arduino/cores/54e0fbe7534a169f1b80445754ff33cf/core.a(usb_regs.c.o)
 .debug_line    0x00000000000078f6      0x380 /tmp/arduino/cores/54e0fbe7534a169f1b80445754ff33cf/core.a(util.c.o)
 .debug_line    0x0000000000007c76       0xa1 /tmp/arduino/cores/54e0fbe7534a169f1b80445754ff33cf/core.a(main.cpp.o)
 .debug_line    0x0000000000007d17      0x39c /tmp/arduino/cores/54e0fbe7534a169f1b80445754ff33cf/core.a(wirish_digital_f1.cpp.o)
 .debug_line    0x00000000000080b3      0x666 /tmp/arduino/cores/54e0fbe7534a169f1b80445754ff33cf/core.a(usb_serial.cpp.o)
 .debug_line    0x0000000000008719      0x32e /tmp/arduino/cores/54e0fbe7534a169f1b80445754ff33cf/core.a(wirish_digital.cpp.o)
 .debug_line    0x0000000000008a47      0x312 /tmp/arduino/cores/54e0fbe7534a169f1b80445754ff33cf/core.a(wirish_time.cpp.o)
 .debug_line    0x0000000000008d59       0x8a /tmp/arduino/cores/54e0fbe7534a169f1b80445754ff33cf/core.a(hooks.c.o)
 .debug_line    0x0000000000008de3      0x2f6 /tmp/arduino/cores/54e0fbe7534a169f1b80445754ff33cf/core.a(bkp_f1.c.o)
 .debug_line    0x00000000000090d9      0x338 /tmp/arduino/cores/54e0fbe7534a169f1b80445754ff33cf/core.a(dma.c.o)
 .debug_line    0x0000000000009411      0x2a1 /tmp/arduino/cores/54e0fbe7534a169f1b80445754ff33cf/core.a(gpio.c.o)
 .debug_line    0x00000000000096b2      0x8be /tmp/arduino/cores/54e0fbe7534a169f1b80445754ff33cf/core.a(i2c.c.o)

.debug_frame    0x0000000000000000     0x2304
 *(.debug_frame)
 .debug_frame   0x0000000000000000       0x40 /tmp/arduino/sketches/BDAA1909B2769F757400EDF4F6E727D0/sketch/sketch_mar5a.ino.cpp.o
 .debug_frame   0x0000000000000040       0x38 /tmp/arduino/sketches/BDAA1909B2769F757400EDF4F6E727D0/core/board.cpp.o
 .debug_frame   0x0000000000000078       0x84 /tmp/arduino/sketches/BDAA1909B2769F757400EDF4F6E727D0/core/wirish/boards.cpp.o
 .debug_frame   0x00000000000000fc       0x74 /tmp/arduino/sketches/BDAA1909B2769F757400EDF4F6E727D0/core/wirish/boards_setup.cpp.o
 .debug_frame   0x0000000000000170       0x28 /tmp/arduino/sketches/BDAA1909B2769F757400EDF4F6E727D0/core/wirish/start_c.c.o
 .debug_frame   0x0000000000000198      0x130 /tmp/arduino/sketches/BDAA1909B2769F757400EDF4F6E727D0/core/wirish/syscalls.c.o
 .debug_frame   0x00000000000002c8      0x10c /tmp/arduino/cores/54e0fbe7534a169f1b80445754ff33cf/core.a(HardwareSerial.cpp.o)
 .debug_frame   0x00000000000003d4      0x378 /tmp/arduino/cores/54e0fbe7534a169f1b80445754ff33cf/core.a(Print.cpp.o)
 .debug_frame   0x000000000000074c       0x38 /tmp/arduino/cores/54e0fbe7534a169f1b80445754ff33cf/core.a(cxxabi-compat.cpp.o)
 .debug_frame   0x0000000000000784       0x64 /tmp/arduino/cores/54e0fbe7534a169f1b80445754ff33cf/core.a(adc.c.o)
 .debug_frame   0x00000000000007e8       0xb4 /tmp/arduino/cores/54e0fbe7534a169f1b80445754ff33cf/core.a(adc_f1.c.o)
 .debug_frame   0x000000000000089c      0x190 /tmp/arduino/cores/54e0fbe7534a169f1b80445754ff33cf/core.a(dma_f1.c.o)
 .debug_frame   0x0000000000000a2c      0x11c /tmp/arduino/cores/54e0fbe7534a169f1b80445754ff33cf/core.a(exti.c.o)
 .debug_frame   0x0000000000000b48       0x20 /tmp/arduino/cores/54e0fbe7534a169f1b80445754ff33cf/core.a(exti_f1.c.o)
 .debug_frame   0x0000000000000b68       0x20 /tmp/arduino/cores/54e0fbe7534a169f1b80445754ff33cf/core.a(flash.c.o)
 .debug_frame   0x0000000000000b88       0x8c /tmp/arduino/cores/54e0fbe7534a169f1b80445754ff33cf/core.a(gpio_f1.c.o)
 .debug_frame   0x0000000000000c14       0x94 /tmp/arduino/cores/54e0fbe7534a169f1b80445754ff33cf/core.a(i2c_f1.c.o)
 .debug_frame   0x0000000000000ca8       0x5c /tmp/arduino/cores/54e0fbe7534a169f1b80445754ff33cf/core.a(nvic.c.o)
 .debug_frame   0x0000000000000d04       0x70 /tmp/arduino/cores/54e0fbe7534a169f1b80445754ff33cf/core.a(rcc.c.o)
 .debug_frame   0x0000000000000d74       0x98 /tmp/arduino/cores/54e0fbe7534a169f1b80445754ff33cf/core.a(rcc_f1.c.o)
 .debug_frame   0x0000000000000e0c       0x68 /tmp/arduino/cores/54e0fbe7534a169f1b80445754ff33cf/core.a(systick.c.o)
 .debug_frame   0x0000000000000e74      0x1c0 /tmp/arduino/cores/54e0fbe7534a169f1b80445754ff33cf/core.a(timer.c.o)
 .debug_frame   0x0000000000001034       0xb4 /tmp/arduino/cores/54e0fbe7534a169f1b80445754ff33cf/core.a(usart.c.o)
 .debug_frame   0x00000000000010e8       0xac /tmp/arduino/cores/54e0fbe7534a169f1b80445754ff33cf/core.a(usart_f1.c.o)
 .debug_frame   0x0000000000001194       0x28 /tmp/arduino/cores/54e0fbe7534a169f1b80445754ff33cf/core.a(usart_private.c.o)
 .debug_frame   0x00000000000011bc       0x6c /tmp/arduino/cores/54e0fbe7534a169f1b80445754ff33cf/core.a(usb.c.o)
 .debug_frame   0x0000000000001228      0x2c8 /tmp/arduino/cores/54e0fbe7534a169f1b80445754ff33cf/core.a(usb_cdcacm.c.o)
 .debug_frame   0x00000000000014f0       0x20 /tmp/arduino/cores/54e0fbe7534a169f1b80445754ff33cf/core.a(usb_reg_map.c.o)
 .debug_frame   0x0000000000001510      0x1ac /tmp/arduino/cores/54e0fbe7534a169f1b80445754ff33cf/core.a(usb_core.c.o)
 .debug_frame   0x00000000000016bc       0x28 /tmp/arduino/cores/54e0fbe7534a169f1b80445754ff33cf/core.a(usb_init.c.o)
 .debug_frame   0x00000000000016e4       0x4c /tmp/arduino/cores/54e0fbe7534a169f1b80445754ff33cf/core.a(usb_mem.c.o)
 .debug_frame   0x0000000000001730      0x3d0 /tmp/arduino/cores/54e0fbe7534a169f1b80445754ff33cf/core.a(usb_regs.c.o)
 .debug_frame   0x0000000000001b00       0xc8 /tmp/arduino/cores/54e0fbe7534a169f1b80445754ff33cf/core.a(util.c.o)
 .debug_frame   0x0000000000001bc8       0x38 /tmp/arduino/cores/54e0fbe7534a169f1b80445754ff33cf/core.a(main.cpp.o)
 .debug_frame   0x0000000000001c00       0x2c /tmp/arduino/cores/54e0fbe7534a169f1b80445754ff33cf/core.a(wirish_digital_f1.cpp.o)
 .debug_frame   0x0000000000001c2c      0x244 /tmp/arduino/cores/54e0fbe7534a169f1b80445754ff33cf/core.a(usb_serial.cpp.o)
 .debug_frame   0x0000000000001e70       0x30 /tmp/arduino/cores/54e0fbe7534a169f1b80445754ff33cf/core.a(wirish_digital.cpp.o)
 .debug_frame   0x0000000000001ea0       0x4c /tmp/arduino/cores/54e0fbe7534a169f1b80445754ff33cf/core.a(wirish_time.cpp.o)
 .debug_frame   0x0000000000001eec       0x20 /tmp/arduino/cores/54e0fbe7534a169f1b80445754ff33cf/core.a(hooks.c.o)
 .debug_frame   0x0000000000001f0c       0x68 /tmp/arduino/cores/54e0fbe7534a169f1b80445754ff33cf/core.a(bkp_f1.c.o)
 .debug_frame   0x0000000000001f74       0x30 /tmp/arduino/cores/54e0fbe7534a169f1b80445754ff33cf/core.a(dma.c.o)
 .debug_frame   0x0000000000001fa4       0x28 /tmp/arduino/cores/54e0fbe7534a169f1b80445754ff33cf/core.a(gpio.c.o)
 .debug_frame   0x0000000000001fcc      0x14c /tmp/arduino/cores/54e0fbe7534a169f1b80445754ff33cf/core.a(i2c.c.o)
 .debug_frame   0x0000000000002118       0x2c /home/rustam/.arduino15/packages/arduino/tools/arm-none-eabi-gcc/4.8.3-2014q1/bin/../lib/gcc/arm-none-eabi/4.8.3/armv7-m/libgcc.a(_fixdfdi.o)
 .debug_frame   0x0000000000002144       0x2c /home/rustam/.arduino15/packages/arduino/tools/arm-none-eabi-gcc/4.8.3-2014q1/bin/../lib/gcc/arm-none-eabi/4.8.3/armv7-m/libgcc.a(_fixunsdfdi.o)
 .debug_frame   0x0000000000002170       0x58 /home/rustam/.arduino15/packages/arduino/tools/arm-none-eabi-gcc/4.8.3-2014q1/bin/../lib/gcc/arm-none-eabi/4.8.3/armv7-m/libgcc.a(bpabi.o)
 .debug_frame   0x00000000000021c8       0x34 /home/rustam/.arduino15/packages/arduino/tools/arm-none-eabi-gcc/4.8.3-2014q1/bin/../lib/gcc/arm-none-eabi/4.8.3/armv7-m/libgcc.a(_divdi3.o)
 .debug_frame   0x00000000000021fc       0x34 /home/rustam/.arduino15/packages/arduino/tools/arm-none-eabi-gcc/4.8.3-2014q1/bin/../lib/gcc/arm-none-eabi/4.8.3/armv7-m/libgcc.a(_udivdi3.o)
 .debug_frame   0x0000000000002230       0x20 /home/rustam/.arduino15/packages/arduino/tools/arm-none-eabi-gcc/4.8.3-2014q1/bin/../lib/gcc/arm-none-eabi/4.8.3/../../../../arm-none-eabi/lib/armv7-m/libc_s.a(lib_a-errno.o)
 .debug_frame   0x0000000000002250       0x28 /home/rustam/.arduino15/packages/arduino/tools/arm-none-eabi-gcc/4.8.3-2014q1/bin/../lib/gcc/arm-none-eabi/4.8.3/../../../../arm-none-eabi/lib/armv7-m/libc_s.a(lib_a-exit.o)
 .debug_frame   0x0000000000002278       0x2c /home/rustam/.arduino15/packages/arduino/tools/arm-none-eabi-gcc/4.8.3-2014q1/bin/../lib/gcc/arm-none-eabi/4.8.3/../../../../arm-none-eabi/lib/armv7-m/libc_s.a(lib_a-init.o)
 .debug_frame   0x00000000000022a4       0x20 /home/rustam/.arduino15/packages/arduino/tools/arm-none-eabi-gcc/4.8.3-2014q1/bin/../lib/gcc/arm-none-eabi/4.8.3/../../../../arm-none-eabi/lib/armv7-m/libc_s.a(lib_a-memset.o)
 .debug_frame   0x00000000000022c4       0x20 /home/rustam/.arduino15/packages/arduino/tools/arm-none-eabi-gcc/4.8.3-2014q1/bin/../lib/gcc/arm-none-eabi/4.8.3/../../../../arm-none-eabi/lib/armv7-m/libc_s.a(lib_a-strcpy.o)
 .debug_frame   0x00000000000022e4       0x20 /home/rustam/.arduino15/packages/arduino/tools/arm-none-eabi-gcc/4.8.3-2014q1/bin/../lib/gcc/arm-none-eabi/4.8.3/../../../../arm-none-eabi/lib/armv7-m/libc_s.a(lib_a-strlen.o)

.debug_str      0x0000000000000000     0x7b0d
 *(.debug_str)
 .debug_str     0x0000000000000000      0x34a /tmp/arduino/sketches/BDAA1909B2769F757400EDF4F6E727D0/sketch/sketch_mar5a.ino.cpp.o
                                        0x3ca (size before relaxing)
 .debug_str     0x000000000000034a      0xa67 /tmp/arduino/sketches/BDAA1909B2769F757400EDF4F6E727D0/core/board.cpp.o
                                        0xd12 (size before relaxing)
 .debug_str     0x0000000000000db1      0x770 /tmp/arduino/sketches/BDAA1909B2769F757400EDF4F6E727D0/core/wirish/boards.cpp.o
                                       0x1148 (size before relaxing)
 .debug_str     0x0000000000001521      0x52d /tmp/arduino/sketches/BDAA1909B2769F757400EDF4F6E727D0/core/wirish/boards_setup.cpp.o
                                       0x1291 (size before relaxing)
 .debug_str     0x0000000000001a4e      0x1b5 /tmp/arduino/sketches/BDAA1909B2769F757400EDF4F6E727D0/core/wirish/start_c.c.o
                                        0x1ee (size before relaxing)
 .debug_str     0x0000000000001c03      0x1d8 /tmp/arduino/sketches/BDAA1909B2769F757400EDF4F6E727D0/core/wirish/syscalls.c.o
                                        0x37f (size before relaxing)
 .debug_str     0x0000000000001ddb     0x1085 /tmp/arduino/cores/54e0fbe7534a169f1b80445754ff33cf/core.a(HardwareSerial.cpp.o)